Release 14.7 - xst P.20131013 (lin64)
Copyright (c) 1995-2013 Xilinx, Inc.  All rights reserved.
--> 
Parameter TMPDIR set to xst/projnav.tmp


Total REAL time to Xst completion: 0.00 secs
Total CPU time to Xst completion: 0.00 secs
 
--> 
Parameter xsthdpdir set to xst


Total REAL time to Xst completion: 0.00 secs
Total CPU time to Xst completion: 0.00 secs
 
--> 
Reading design: ALU_8BIT.prj

TABLE OF CONTENTS
  1) Synthesis Options Summary
  2) HDL Parsing
  3) HDL Elaboration
  4) HDL Synthesis
       4.1) HDL Synthesis Report
  5) Advanced HDL Synthesis
       5.1) Advanced HDL Synthesis Report
  6) Low Level Synthesis
  7) Partition Report
  8) Design Summary
       8.1) Primitive and Black Box Usage
       8.2) Device utilization summary
       8.3) Partition Resource Summary
       8.4) Timing Report
            8.4.1) Clock Information
            8.4.2) Asynchronous Control Signals Information
            8.4.3) Timing Summary
            8.4.4) Timing Details
            8.4.5) Cross Clock Domains Report


=========================================================================
*                      Synthesis Options Summary                        *
=========================================================================
---- Source Parameters
Input File Name                    : "ALU_8BIT.prj"
Ignore Synthesis Constraint File   : NO

---- Target Parameters
Output File Name                   : "ALU_8BIT"
Output Format                      : NGC
Target Device                      : xc7a100t-3-csg324

---- Source Options
Top Module Name                    : ALU_8BIT
Automatic FSM Extraction           : YES
FSM Encoding Algorithm             : Auto
Safe Implementation                : No
FSM Style                          : LUT
RAM Extraction                     : Yes
RAM Style                          : Auto
ROM Extraction                     : Yes
Shift Register Extraction          : YES
ROM Style                          : Auto
Resource Sharing                   : YES
Asynchronous To Synchronous        : NO
Shift Register Minimum Size        : 2
Use DSP Block                      : Auto
Automatic Register Balancing       : No

---- Target Options
LUT Combining                      : Auto
Reduce Control Sets                : Auto
Add IO Buffers                     : YES
Global Maximum Fanout              : 100000
Add Generic Clock Buffer(BUFG)     : 32
Register Duplication               : YES
Optimize Instantiated Primitives   : NO
Use Clock Enable                   : Auto
Use Synchronous Set                : Auto
Use Synchronous Reset              : Auto
Pack IO Registers into IOBs        : Auto
Equivalent register Removal        : YES

---- General Options
Optimization Goal                  : Speed
Optimization Effort                : 1
Power Reduction                    : NO
Keep Hierarchy                     : No
Netlist Hierarchy                  : As_Optimized
RTL Output                         : Yes
Global Optimization                : AllClockNets
Read Cores                         : YES
Write Timing Constraints           : NO
Cross Clock Analysis               : NO
Hierarchy Separator                : /
Bus Delimiter                      : <>
Case Specifier                     : Maintain
Slice Utilization Ratio            : 100
BRAM Utilization Ratio             : 100
DSP48 Utilization Ratio            : 100
Auto BRAM Packing                  : NO
Slice Utilization Ratio Delta      : 5

=========================================================================


=========================================================================
*                          HDL Parsing                                  *
=========================================================================
Parsing VHDL file "/home/ise/Shared_back_up/Register/computer/nand_gate.vhd" into library work
Parsing entity <nand_gate>.
Parsing architecture <Behavioral> of entity <nand_gate>.
Parsing VHDL file "/home/ise/Shared_back_up/Register/computer/not_gate.vhd" into library work
Parsing entity <not_gate>.
Parsing architecture <Structural> of entity <not_gate>.
Parsing VHDL file "/home/ise/Shared_back_up/Register/computer/xor_gate.vhd" into library work
Parsing entity <xor_gate>.
Parsing architecture <Structural> of entity <xor_gate>.
Parsing VHDL file "/home/ise/Shared_back_up/Register/computer/and_gate.vhd" into library work
Parsing entity <and_gate>.
Parsing architecture <Structural> of entity <and_gate>.
Parsing VHDL file "/home/ise/Shared_back_up/Register/computer/or_gate.vhd" into library work
Parsing entity <or_gate>.
Parsing architecture <Structural> of entity <or_gate>.
Parsing VHDL file "/home/ise/Shared_back_up/Register/computer/half_adder.vhd" into library work
Parsing entity <half_adder>.
Parsing architecture <Structural> of entity <half_adder>.
Parsing VHDL file "/home/ise/Shared_back_up/Subtractor/full_subtractor.vhd" into library work
Parsing entity <full_subtractor>.
Parsing architecture <Structural> of entity <full_subtractor>.
Parsing VHDL file "/home/ise/Shared_back_up/Register/computer/full_adder.vhd" into library work
Parsing entity <full_adder>.
Parsing architecture <Structural> of entity <full_adder>.
Parsing VHDL file "/home/ise/Shared_back_up/all work/Computer/MUX8_1.vhd" into library work
Parsing entity <MUX8_1>.
Parsing architecture <Behavioral> of entity <mux8_1>.
Parsing VHDL file "/home/ise/Shared_back_up/all work/Computer/ALU_1BIT.vhd" into library work
Parsing entity <ALU_1BIT>.
Parsing architecture <Structural> of entity <alu_1bit>.
Parsing VHDL file "/home/ise/Shared_back_up/all work/Computer/ALU_8BIT.vhd" into library work
Parsing entity <ALU_8BIT>.
Parsing architecture <Structural> of entity <alu_8bit>.

=========================================================================
*                            HDL Elaboration                            *
=========================================================================

Elaborating entity <ALU_8BIT> (architecture <Structural>) from library <work>.

Elaborating entity <ALU_1BIT> (architecture <Structural>) from library <work>.

Elaborating entity <full_adder> (architecture <Structural>) from library <work>.

Elaborating entity <half_adder> (architecture <Structural>) from library <work>.

Elaborating entity <xor_gate> (architecture <Structural>) from library <work>.

Elaborating entity <nand_gate> (architecture <Behavioral>) from library <work>.

Elaborating entity <and_gate> (architecture <Structural>) from library <work>.

Elaborating entity <not_gate> (architecture <Structural>) from library <work>.

Elaborating entity <or_gate> (architecture <Structural>) from library <work>.

Elaborating entity <full_subtractor> (architecture <Structural>) from library <work>.

Elaborating entity <MUX8_1> (architecture <Behavioral>) from library <work>.

=========================================================================
*                           HDL Synthesis                               *
=========================================================================

Synthesizing Unit <ALU_8BIT>.
    Related source file is "/home/ise/Shared_back_up/all work/Computer/ALU_8BIT.vhd".
INFO:Xst:3210 - "/home/ise/Shared_back_up/all work/Computer/ALU_8BIT.vhd" line 50: Output port <COUT> of the instance <ALU0> is unconnected or connected to loadless signal.
INFO:Xst:3210 - "/home/ise/Shared_back_up/all work/Computer/ALU_8BIT.vhd" line 50: Output port <ZERO> of the instance <ALU0> is unconnected or connected to loadless signal.
INFO:Xst:3210 - "/home/ise/Shared_back_up/all work/Computer/ALU_8BIT.vhd" line 65: Output port <COUT> of the instance <ALU1> is unconnected or connected to loadless signal.
INFO:Xst:3210 - "/home/ise/Shared_back_up/all work/Computer/ALU_8BIT.vhd" line 65: Output port <ZERO> of the instance <ALU1> is unconnected or connected to loadless signal.
INFO:Xst:3210 - "/home/ise/Shared_back_up/all work/Computer/ALU_8BIT.vhd" line 80: Output port <COUT> of the instance <ALU2> is unconnected or connected to loadless signal.
INFO:Xst:3210 - "/home/ise/Shared_back_up/all work/Computer/ALU_8BIT.vhd" line 80: Output port <ZERO> of the instance <ALU2> is unconnected or connected to loadless signal.
INFO:Xst:3210 - "/home/ise/Shared_back_up/all work/Computer/ALU_8BIT.vhd" line 95: Output port <COUT> of the instance <ALU3> is unconnected or connected to loadless signal.
INFO:Xst:3210 - "/home/ise/Shared_back_up/all work/Computer/ALU_8BIT.vhd" line 95: Output port <ZERO> of the instance <ALU3> is unconnected or connected to loadless signal.
INFO:Xst:3210 - "/home/ise/Shared_back_up/all work/Computer/ALU_8BIT.vhd" line 110: Output port <COUT> of the instance <ALU4> is unconnected or connected to loadless signal.
INFO:Xst:3210 - "/home/ise/Shared_back_up/all work/Computer/ALU_8BIT.vhd" line 110: Output port <ZERO> of the instance <ALU4> is unconnected or connected to loadless signal.
INFO:Xst:3210 - "/home/ise/Shared_back_up/all work/Computer/ALU_8BIT.vhd" line 125: Output port <COUT> of the instance <ALU5> is unconnected or connected to loadless signal.
INFO:Xst:3210 - "/home/ise/Shared_back_up/all work/Computer/ALU_8BIT.vhd" line 125: Output port <ZERO> of the instance <ALU5> is unconnected or connected to loadless signal.
INFO:Xst:3210 - "/home/ise/Shared_back_up/all work/Computer/ALU_8BIT.vhd" line 140: Output port <COUT> of the instance <ALU6> is unconnected or connected to loadless signal.
INFO:Xst:3210 - "/home/ise/Shared_back_up/all work/Computer/ALU_8BIT.vhd" line 140: Output port <ZERO> of the instance <ALU6> is unconnected or connected to loadless signal.
INFO:Xst:3210 - "/home/ise/Shared_back_up/all work/Computer/ALU_8BIT.vhd" line 155: Output port <ZERO> of the instance <ALU7> is unconnected or connected to loadless signal.
    Summary:
	no macro.
Unit <ALU_8BIT> synthesized.

Synthesizing Unit <ALU_1BIT>.
    Related source file is "/home/ise/Shared_back_up/all work/Computer/ALU_1BIT.vhd".
    Summary:
	inferred   1 Multiplexer(s).
Unit <ALU_1BIT> synthesized.

Synthesizing Unit <full_adder>.
    Related source file is "/home/ise/Shared_back_up/Register/computer/full_adder.vhd".
    Summary:
	no macro.
Unit <full_adder> synthesized.

Synthesizing Unit <half_adder>.
    Related source file is "/home/ise/Shared_back_up/Register/computer/half_adder.vhd".
    Summary:
	no macro.
Unit <half_adder> synthesized.

Synthesizing Unit <xor_gate>.
    Related source file is "/home/ise/Shared_back_up/Register/computer/xor_gate.vhd".
    Summary:
	no macro.
Unit <xor_gate> synthesized.

Synthesizing Unit <nand_gate>.
    Related source file is "/home/ise/Shared_back_up/Register/computer/nand_gate.vhd".
    Summary:
	no macro.
Unit <nand_gate> synthesized.

Synthesizing Unit <and_gate>.
    Related source file is "/home/ise/Shared_back_up/Register/computer/and_gate.vhd".
    Summary:
	no macro.
Unit <and_gate> synthesized.

Synthesizing Unit <not_gate>.
    Related source file is "/home/ise/Shared_back_up/Register/computer/not_gate.vhd".
    Summary:
	no macro.
Unit <not_gate> synthesized.

Synthesizing Unit <or_gate>.
    Related source file is "/home/ise/Shared_back_up/Register/computer/or_gate.vhd".
    Summary:
	no macro.
Unit <or_gate> synthesized.

Synthesizing Unit <full_subtractor>.
    Related source file is "/home/ise/Shared_back_up/Subtractor/full_subtractor.vhd".
    Summary:
	no macro.
Unit <full_subtractor> synthesized.

Synthesizing Unit <MUX8_1>.
    Related source file is "/home/ise/Shared_back_up/all work/Computer/MUX8_1.vhd".
    Summary:
	inferred   6 Multiplexer(s).
Unit <MUX8_1> synthesized.

=========================================================================
HDL Synthesis Report

Macro Statistics
# Multiplexers                                         : 56
 1-bit 2-to-1 multiplexer                              : 56

=========================================================================

=========================================================================
*                       Advanced HDL Synthesis                          *
=========================================================================

WARNING:Xst:1290 - Hierarchical block <U2> is unconnected in block <U1>.
   It will be removed from the design.
WARNING:Xst:1290 - Hierarchical block <U2> is unconnected in block <U2>.
   It will be removed from the design.
WARNING:Xst:1290 - Hierarchical block <U3> is unconnected in block <ADD1>.
   It will be removed from the design.
WARNING:Xst:1290 - Hierarchical block <NOT1> is unconnected in block <SUB1>.
   It will be removed from the design.
WARNING:Xst:1290 - Hierarchical block <AND1_G> is unconnected in block <SUB1>.
   It will be removed from the design.
WARNING:Xst:1290 - Hierarchical block <NOT2> is unconnected in block <SUB1>.
   It will be removed from the design.
WARNING:Xst:1290 - Hierarchical block <OR1> is unconnected in block <SUB1>.
   It will be removed from the design.
WARNING:Xst:1290 - Hierarchical block <AND2_G> is unconnected in block <SUB1>.
   It will be removed from the design.
WARNING:Xst:1290 - Hierarchical block <ZERO1> is unconnected in block <ALU0>.
   It will be removed from the design.
WARNING:Xst:1290 - Hierarchical block <U2> is unconnected in block <U1>.
   It will be removed from the design.
WARNING:Xst:1290 - Hierarchical block <U2> is unconnected in block <U2>.
   It will be removed from the design.
WARNING:Xst:1290 - Hierarchical block <U3> is unconnected in block <ADD1>.
   It will be removed from the design.
WARNING:Xst:1290 - Hierarchical block <NOT1> is unconnected in block <SUB1>.
   It will be removed from the design.
WARNING:Xst:1290 - Hierarchical block <AND1_G> is unconnected in block <SUB1>.
   It will be removed from the design.
WARNING:Xst:1290 - Hierarchical block <NOT2> is unconnected in block <SUB1>.
   It will be removed from the design.
WARNING:Xst:1290 - Hierarchical block <OR1> is unconnected in block <SUB1>.
   It will be removed from the design.
WARNING:Xst:1290 - Hierarchical block <AND2_G> is unconnected in block <SUB1>.
   It will be removed from the design.
WARNING:Xst:1290 - Hierarchical block <ZERO1> is unconnected in block <ALU1>.
   It will be removed from the design.
WARNING:Xst:1290 - Hierarchical block <U2> is unconnected in block <U1>.
   It will be removed from the design.
WARNING:Xst:1290 - Hierarchical block <U2> is unconnected in block <U2>.
   It will be removed from the design.
WARNING:Xst:1290 - Hierarchical block <U3> is unconnected in block <ADD1>.
   It will be removed from the design.
WARNING:Xst:1290 - Hierarchical block <NOT1> is unconnected in block <SUB1>.
   It will be removed from the design.
WARNING:Xst:1290 - Hierarchical block <AND1_G> is unconnected in block <SUB1>.
   It will be removed from the design.
WARNING:Xst:1290 - Hierarchical block <NOT2> is unconnected in block <SUB1>.
   It will be removed from the design.
WARNING:Xst:1290 - Hierarchical block <OR1> is unconnected in block <SUB1>.
   It will be removed from the design.
WARNING:Xst:1290 - Hierarchical block <AND2_G> is unconnected in block <SUB1>.
   It will be removed from the design.
WARNING:Xst:1290 - Hierarchical block <ZERO1> is unconnected in block <ALU2>.
   It will be removed from the design.
WARNING:Xst:1290 - Hierarchical block <U2> is unconnected in block <U1>.
   It will be removed from the design.
WARNING:Xst:1290 - Hierarchical block <U2> is unconnected in block <U2>.
   It will be removed from the design.
WARNING:Xst:1290 - Hierarchical block <U3> is unconnected in block <ADD1>.
   It will be removed from the design.
WARNING:Xst:1290 - Hierarchical block <NOT1> is unconnected in block <SUB1>.
   It will be removed from the design.
WARNING:Xst:1290 - Hierarchical block <AND1_G> is unconnected in block <SUB1>.
   It will be removed from the design.
WARNING:Xst:1290 - Hierarchical block <NOT2> is unconnected in block <SUB1>.
   It will be removed from the design.
WARNING:Xst:1290 - Hierarchical block <OR1> is unconnected in block <SUB1>.
   It will be removed from the design.
WARNING:Xst:1290 - Hierarchical block <AND2_G> is unconnected in block <SUB1>.
   It will be removed from the design.
WARNING:Xst:1290 - Hierarchical block <ZERO1> is unconnected in block <ALU3>.
   It will be removed from the design.
WARNING:Xst:1290 - Hierarchical block <U2> is unconnected in block <U1>.
   It will be removed from the design.
WARNING:Xst:1290 - Hierarchical block <U2> is unconnected in block <U2>.
   It will be removed from the design.
WARNING:Xst:1290 - Hierarchical block <U3> is unconnected in block <ADD1>.
   It will be removed from the design.
WARNING:Xst:1290 - Hierarchical block <NOT1> is unconnected in block <SUB1>.
   It will be removed from the design.
WARNING:Xst:1290 - Hierarchical block <AND1_G> is unconnected in block <SUB1>.
   It will be removed from the design.
WARNING:Xst:1290 - Hierarchical block <NOT2> is unconnected in block <SUB1>.
   It will be removed from the design.
WARNING:Xst:1290 - Hierarchical block <OR1> is unconnected in block <SUB1>.
   It will be removed from the design.
WARNING:Xst:1290 - Hierarchical block <AND2_G> is unconnected in block <SUB1>.
   It will be removed from the design.
WARNING:Xst:1290 - Hierarchical block <ZERO1> is unconnected in block <ALU4>.
   It will be removed from the design.
WARNING:Xst:1290 - Hierarchical block <U2> is unconnected in block <U1>.
   It will be removed from the design.
WARNING:Xst:1290 - Hierarchical block <U2> is unconnected in block <U2>.
   It will be removed from the design.
WARNING:Xst:1290 - Hierarchical block <U3> is unconnected in block <ADD1>.
   It will be removed from the design.
WARNING:Xst:1290 - Hierarchical block <NOT1> is unconnected in block <SUB1>.
   It will be removed from the design.
WARNING:Xst:1290 - Hierarchical block <AND1_G> is unconnected in block <SUB1>.
   It will be removed from the design.
WARNING:Xst:1290 - Hierarchical block <NOT2> is unconnected in block <SUB1>.
   It will be removed from the design.
WARNING:Xst:1290 - Hierarchical block <OR1> is unconnected in block <SUB1>.
   It will be removed from the design.
WARNING:Xst:1290 - Hierarchical block <AND2_G> is unconnected in block <SUB1>.
   It will be removed from the design.
WARNING:Xst:1290 - Hierarchical block <ZERO1> is unconnected in block <ALU5>.
   It will be removed from the design.
WARNING:Xst:1290 - Hierarchical block <U2> is unconnected in block <U1>.
   It will be removed from the design.
WARNING:Xst:1290 - Hierarchical block <U2> is unconnected in block <U2>.
   It will be removed from the design.
WARNING:Xst:1290 - Hierarchical block <U3> is unconnected in block <ADD1>.
   It will be removed from the design.
WARNING:Xst:1290 - Hierarchical block <NOT1> is unconnected in block <SUB1>.
   It will be removed from the design.
WARNING:Xst:1290 - Hierarchical block <AND1_G> is unconnected in block <SUB1>.
   It will be removed from the design.
WARNING:Xst:1290 - Hierarchical block <NOT2> is unconnected in block <SUB1>.
   It will be removed from the design.
WARNING:Xst:1290 - Hierarchical block <OR1> is unconnected in block <SUB1>.
   It will be removed from the design.
WARNING:Xst:1290 - Hierarchical block <AND2_G> is unconnected in block <SUB1>.
   It will be removed from the design.
WARNING:Xst:1290 - Hierarchical block <ZERO1> is unconnected in block <ALU6>.
   It will be removed from the design.
WARNING:Xst:1290 - Hierarchical block <ZERO1> is unconnected in block <ALU7>.
   It will be removed from the design.
WARNING:Xst:1290 - Hierarchical block <U1> is unconnected in block <U1>.
   It will be removed from the design.
WARNING:Xst:1290 - Hierarchical block <U3> is unconnected in block <U1>.
   It will be removed from the design.
WARNING:Xst:1290 - Hierarchical block <U1> is unconnected in block <XOR2>.
   It will be removed from the design.
WARNING:Xst:1290 - Hierarchical block <U3> is unconnected in block <XOR2>.
   It will be removed from the design.
WARNING:Xst:1290 - Hierarchical block <U1> is unconnected in block <U1>.
   It will be removed from the design.
WARNING:Xst:1290 - Hierarchical block <U3> is unconnected in block <U1>.
   It will be removed from the design.
WARNING:Xst:1290 - Hierarchical block <U1> is unconnected in block <XOR2>.
   It will be removed from the design.
WARNING:Xst:1290 - Hierarchical block <U3> is unconnected in block <XOR2>.
   It will be removed from the design.
WARNING:Xst:1290 - Hierarchical block <U1> is unconnected in block <U1>.
   It will be removed from the design.
WARNING:Xst:1290 - Hierarchical block <U3> is unconnected in block <U1>.
   It will be removed from the design.
WARNING:Xst:1290 - Hierarchical block <U1> is unconnected in block <XOR2>.
   It will be removed from the design.
WARNING:Xst:1290 - Hierarchical block <U3> is unconnected in block <XOR2>.
   It will be removed from the design.
WARNING:Xst:1290 - Hierarchical block <U1> is unconnected in block <U1>.
   It will be removed from the design.
WARNING:Xst:1290 - Hierarchical block <U3> is unconnected in block <U1>.
   It will be removed from the design.
WARNING:Xst:1290 - Hierarchical block <U1> is unconnected in block <XOR2>.
   It will be removed from the design.
WARNING:Xst:1290 - Hierarchical block <U3> is unconnected in block <XOR2>.
   It will be removed from the design.
WARNING:Xst:1290 - Hierarchical block <U1> is unconnected in block <U1>.
   It will be removed from the design.
WARNING:Xst:1290 - Hierarchical block <U3> is unconnected in block <U1>.
   It will be removed from the design.
WARNING:Xst:1290 - Hierarchical block <U1> is unconnected in block <XOR2>.
   It will be removed from the design.
WARNING:Xst:1290 - Hierarchical block <U3> is unconnected in block <XOR2>.
   It will be removed from the design.
WARNING:Xst:1290 - Hierarchical block <U1> is unconnected in block <U1>.
   It will be removed from the design.
WARNING:Xst:1290 - Hierarchical block <U3> is unconnected in block <U1>.
   It will be removed from the design.
WARNING:Xst:1290 - Hierarchical block <U1> is unconnected in block <XOR2>.
   It will be removed from the design.
WARNING:Xst:1290 - Hierarchical block <U3> is unconnected in block <XOR2>.
   It will be removed from the design.
WARNING:Xst:1290 - Hierarchical block <U1> is unconnected in block <U1>.
   It will be removed from the design.
WARNING:Xst:1290 - Hierarchical block <U3> is unconnected in block <U1>.
   It will be removed from the design.
WARNING:Xst:1290 - Hierarchical block <U1> is unconnected in block <XOR2>.
   It will be removed from the design.
WARNING:Xst:1290 - Hierarchical block <U3> is unconnected in block <XOR2>.
   It will be removed from the design.
WARNING:Xst:1290 - Hierarchical block <U1> is unconnected in block <U1>.
   It will be removed from the design.
WARNING:Xst:1290 - Hierarchical block <U3> is unconnected in block <U1>.
   It will be removed from the design.
WARNING:Xst:1290 - Hierarchical block <U2> is unconnected in block <U2>.
   It will be removed from the design.
WARNING:Xst:1290 - Hierarchical block <U2> is unconnected in block <U3>.
   It will be removed from the design.
WARNING:Xst:1290 - Hierarchical block <U1> is unconnected in block <XOR2>.
   It will be removed from the design.
WARNING:Xst:1290 - Hierarchical block <U3> is unconnected in block <XOR2>.
   It will be removed from the design.
WARNING:Xst:1290 - Hierarchical block <NOT2> is unconnected in block <SUB1>.
   It will be removed from the design.
WARNING:Xst:1290 - Hierarchical block <U2> is unconnected in block <OR1>.
   It will be removed from the design.
WARNING:Xst:1290 - Hierarchical block <AND2_G> is unconnected in block <SUB1>.
   It will be removed from the design.

=========================================================================
Advanced HDL Synthesis Report

Macro Statistics
# Multiplexers                                         : 48
 1-bit 2-to-1 multiplexer                              : 48

=========================================================================

=========================================================================
*                         Low Level Synthesis                           *
=========================================================================
WARNING:Xst:1989 - Unit <ALU_1BIT>: instances <OR1>, <NOR_OR> of unit <or_gate> are equivalent, second instance is removed

Optimizing unit <ALU_8BIT> ...

Optimizing unit <ALU_1BIT> ...

Mapping all equations...
Building and optimizing final netlist ...
Found area constraint ratio of 100 (+ 5) on block ALU_8BIT, actual ratio is 0.

Final Macro Processing ...

=========================================================================
Final Register Report

Found no macro
=========================================================================

=========================================================================
*                           Partition Report                            *
=========================================================================

Partition Implementation Status
-------------------------------

  No Partitions were found in this design.

-------------------------------

=========================================================================
*                            Design Summary                             *
=========================================================================

Top Level Output File Name         : ALU_8BIT.ngc

Primitive and Black Box Usage:
------------------------------
# BELS                             : 11
#      LUT3                        : 1
#      LUT5                        : 9
#      LUT6                        : 1
# IO Buffers                       : 29
#      IBUF                        : 19
#      OBUF                        : 10

Device utilization summary:
---------------------------

Selected Device : 7a100tcsg324-3 


Slice Logic Utilization: 
 Number of Slice LUTs:                   11  out of  63400     0%  
    Number used as Logic:                11  out of  63400     0%  

Slice Logic Distribution: 
 Number of LUT Flip Flop pairs used:     11
   Number with an unused Flip Flop:      11  out of     11   100%  
   Number with an unused LUT:             0  out of     11     0%  
   Number of fully used LUT-FF pairs:     0  out of     11     0%  
   Number of unique control sets:         0

IO Utilization: 
 Number of IOs:                          29
 Number of bonded IOBs:                  29  out of    210    13%  

Specific Feature Utilization:

---------------------------
Partition Resource Summary:
---------------------------

  No Partitions were found in this design.

---------------------------


=========================================================================
Timing Report

NOTE: THESE TIMING NUMBERS ARE ONLY A SYNTHESIS ESTIMATE.
      FOR ACCURATE TIMING INFORMATION PLEASE REFER TO THE TRACE REPORT
      GENERATED AFTER PLACE-and-ROUTE.

Clock Information:
------------------
No clock signals found in this design

Asynchronous Control Signals Information:
----------------------------------------
No asynchronous control signals found in this design

Timing Summary:
---------------
Speed Grade: -3

   Minimum period: No path found
   Minimum input arrival time before clock: No path found
   Maximum output required time after clock: No path found
   Maximum combinational path delay: 2.102ns

Timing Details:
---------------
All values displayed in nanoseconds (ns)

=========================================================================
Timing constraint: Default path analysis
  Total number of paths / destination ports: 85 / 10
-------------------------------------------------------------------------
Delay:               2.102ns (Levels of Logic = 5)
  Source:            OPCODE<2> (PAD)
  Destination:       ZERO (PAD)

  Data Path: OPCODE<2> to ZERO
                                Gate     Net
    Cell:in->out      fanout   Delay   Delay  Logical Name (Net Name)
    ----------------------------------------  ------------
     IBUF:I->O             9   0.001   0.720  OPCODE_2_IBUF (OPCODE_2_IBUF)
     LUT5:I0->O            2   0.097   0.515  ALU7/MUX1/Mmux_Y21 (RESULT_7_OBUF)
     LUT3:I0->O            1   0.097   0.295  ZERO<7>_SW0 (N2)
     LUT6:I5->O            1   0.097   0.279  ZERO<7> (ZERO_OBUF)
     OBUF:I->O                 0.000          ZERO_OBUF (ZERO)
    ----------------------------------------
    Total                      2.102ns (0.292ns logic, 1.811ns route)
                                       (13.9% logic, 86.1% route)

=========================================================================

Cross Clock Domains Report:
--------------------------

=========================================================================


Total REAL time to Xst completion: 6.00 secs
Total CPU time to Xst completion: 1.44 secs
 
--> 


Total memory usage is 594264 kilobytes

Number of errors   :    0 (   0 filtered)
Number of warnings :  102 (   0 filtered)
Number of infos    :   15 (   0 filtered)

