Running: /opt/Xilinx/14.7/ISE_DS/ISE/bin/lin64/unwrapped/fuse -intstyle ise -incremental -lib secureip -o /home/ise/Shared_back_up/all work/Computer/ALU_8BIT_TB_isim_beh.exe -prj /home/ise/Shared_back_up/all work/Computer/ALU_8BIT_TB_beh.prj work.ALU_8BIT_TB 
ISim P.20131013 (signature 0xfbc00daa)
Number of CPUs detected in this system: 1
Turning on mult-threading, number of parallel sub-compilation jobs: 0 
Determining compilation order of HDL files
Parsing VHDL file "/home/ise/Shared_back_up/all work/Computer/../../Register/computer/nand_gate.vhd" into library work
Parsing VHDL file "/home/ise/Shared_back_up/all work/Computer/../../Register/computer/not_gate.vhd" into library work
Parsing VHDL file "/home/ise/Shared_back_up/all work/Computer/../../Register/computer/xor_gate.vhd" into library work
Parsing VHDL file "/home/ise/Shared_back_up/all work/Computer/../../Register/computer/and_gate.vhd" into library work
Parsing VHDL file "/home/ise/Shared_back_up/all work/Computer/../../Register/computer/or_gate.vhd" into library work
Parsing VHDL file "/home/ise/Shared_back_up/all work/Computer/../../Register/computer/half_adder.vhd" into library work
Parsing VHDL file "/home/ise/Shared_back_up/all work/Computer/../../Subtractor/full_subtractor.vhd" into library work
Parsing VHDL file "/home/ise/Shared_back_up/all work/Computer/../../Register/computer/full_adder.vhd" into library work
Parsing VHDL file "/home/ise/Shared_back_up/all work/Computer/MUX8_1.vhd" into library work
Parsing VHDL file "/home/ise/Shared_back_up/all work/Computer/ALU_1BIT.vhd" into library work
Parsing VHDL file "/home/ise/Shared_back_up/all work/Computer/ALU_8BIT.vhd" into library work
Parsing VHDL file "/home/ise/Shared_back_up/all work/Computer/ALU_8BIT_TB.vhd" into library work
Starting static elaboration
Completed static elaboration
Fuse Memory Usage: 95972 KB
Fuse CPU Usage: 2340 ms
Compiling package standard
Compiling package std_logic_1164
Compiling architecture behavioral of entity nand_gate [nand_gate_default]
Compiling architecture structural of entity xor_gate [xor_gate_default]
Compiling architecture structural of entity not_gate [not_gate_default]
Compiling architecture structural of entity and_gate [and_gate_default]
Compiling architecture structural of entity half_adder [half_adder_default]
Compiling architecture structural of entity or_gate [or_gate_default]
Compiling architecture structural of entity full_adder [full_adder_default]
Compiling architecture structural of entity full_subtractor [full_subtractor_default]
Compiling architecture behavioral of entity MUX8_1 [mux8_1_default]
Compiling architecture structural of entity ALU_1BIT [alu_1bit_default]
Compiling architecture structural of entity ALU_8BIT [alu_8bit_default]
Compiling architecture behavioral of entity alu_8bit_tb
Time Resolution for simulation is 1ps.
Compiled 25 VHDL Units
Built simulation executable /home/ise/Shared_back_up/all work/Computer/ALU_8BIT_TB_isim_beh.exe
Fuse Memory Usage: 104576 KB
Fuse CPU Usage: 2830 ms
GCC CPU Usage: 1980 ms
