Running: /opt/Xilinx/14.7/ISE_DS/ISE/bin/lin64/unwrapped/fuse -intstyle ise -incremental -lib secureip -o /home/ise/Shared_back_up/Full_adder8bit/Full_adder8bit_tb_isim_beh.exe -prj /home/ise/Shared_back_up/Full_adder8bit/Full_adder8bit_tb_beh.prj Full_adder8bit_tb 
ISim P.20131013 (signature 0xfbc00daa)
Number of CPUs detected in this system: 1
Turning on mult-threading, number of parallel sub-compilation jobs: 0 
Determining compilation order of HDL files
Parsing VHDL file "/home/ise/Shared_back_up/Full_adder8bit/Full_adder8bitt.vhd" into library work
Parsing VHDL file "/home/ise/Shared_back_up/Full_adder8bit/Full_adder8bit_td.vhd" into library work
Starting static elaboration
Completed static elaboration
Fuse Memory Usage: 95300 KB
Fuse CPU Usage: 880 ms
Compiling package standard
Compiling package std_logic_1164
Compiling architecture behavioral of entity Full_adder8bit [full_adder8bit_default]
Compiling architecture behavioral of entity full_adder8bit_tb
Time Resolution for simulation is 1ps.
Compiled 5 VHDL Units
Built simulation executable /home/ise/Shared_back_up/Full_adder8bit/Full_adder8bit_tb_isim_beh.exe
Fuse Memory Usage: 103984 KB
Fuse CPU Usage: 950 ms
GCC CPU Usage: 450 ms
