[Simulation Monitor: 2]
[2026-08-30 11:55:11.677 -0400] [PROCESS] [cadence.virtuoso.ade.simulationMonitor] - Started the simulation monitor process {"hostname": "vlsicad", "processid": 815740, "logfile": "/home/user_25/trisha_vl/logs_user_25/logs0/Job2.log", "simulation monitor command line": "/home/cadence/lnx/ic_25/tools.lnx86/dfII/bin/64bit/spectreMonitor --davinciService DaVinciService_689136_1788104187 --axlsession fnxSession0 -lscs 00010590E36CFC06BC4D5CA3CF6CC906E37F76EB9D739806DF2C0A8CEC7E9F67D0227DAAD242CD33C87766E3A12FFC06BC4D0C77DD40AE59D6D900001AB7 -beanhost vlsicad -beanport 11303 -beanLogFile /home/user_25/trisha_vl/logs_user_25/logs0/amps_Job2.log -beanbinlog  --domain 0 --interactive yes --netlistOpt no --useMultiPointEvaluation yes --exprEvalShowJobStderr yes --evalSimParallel no --maxSims 0 --historyName ExplorerRun.0 --historyUUID  --exprEvaluator vds --mcMapping mc1.mapping --checkLogStatusInterval 0 --checkSimulatorLogTimeout 1200 --exprEvalMaxTries 3 --maxNFSSyncWait 60 -adeBrokerAddress vlsicad:40401 --statdbType h5v2 --fromADE true --virtuosoBinary virtuoso --guiDisplay localhost:15.0 --globalStatus 60 --evaluateMultiMC yes --evalOnSimFail SkipFailedAnalyses --numRetriesOnError 1 --fenixMode explorer --lingertimeout 300 -ahdlLockTimeout 60 --sdbLib trisha --sdbCell norgate_tri --sdbView maestro --heartBeatFileDir /dev/shm --id 2 --uuid 7e58692c-a9e1-495a-bede-df7dec3a58be --log /home/user_25/trisha_vl/logs_user_25/logs0/Job2.log "}
[2026-08-30 11:55:11.677 -0400] [PROCESS] [cadence.virtuoso.ade.simulationMonitor] - Started the simulation monitor process {"hostname": "vlsicad", "processid": 815740, "logfile": "/home/user_25/trisha_vl/logs_user_25/logs0/Job2.log", "current directory": "/home/user_25/trisha_vl"}
[2026-08-30 11:55:11.677 -0400] [PROCESS] [cadence.virtuoso.ade.simulationMonitor] - Simulation Monitor has successfully started up. Trying to set up communication channels to other components ... {"hostname": "vlsicad", "processid": 815740, "logfile": "/home/user_25/trisha_vl/logs_user_25/logs0/Job2.log"}
[2026-08-30 11:55:11.678 -0400] [PROCESS] [cadence.virtuoso.ade.simulationMonitor] - Communication channels have been successfully set up. Start processing events ... {"hostname": "vlsicad", "processid": 815740, "logfile": "/home/user_25/trisha_vl/logs_user_25/logs0/Job2.log"}
[2026-08-30 11:55:11.678 -0400] [PROCESS] [cadence.virtuoso.ade.simulationMonitor] - Considering to start history {"hostname": "vlsicad", "processid": 815740, "history": "ExplorerRun.0", "logfile": "/home/user_25/trisha_vl/logs_user_25/logs0/Job2.log"}
[2026-08-30 11:55:11.682 -0400] [PROCESS] [cadence.virtuoso.ade.simulationMonitor] - HostInfo:
Host name (type):	vlsicad (x86_64)
Operating system:	Linux 4.18.0-553.139.1.el8_10.x86_64 #1 SMP Sun Jun 28 20:54:52 EDT 2026 {"hostname": "vlsicad", "processid": 815740, "history": "ExplorerRun.0", "logfile": "/home/user_25/trisha_vl/logs_user_25/logs0/Job2.log", "nodename": "vlsicad", "domainname": "(none)", "machine": "x86_64", "sysname": "Linux", "release": "4.18.0-553.139.1.el8_10.x86_64", "version": "#1 SMP Sun Jun 28 20:54:52 EDT 2026"}
[2026-08-30 11:55:11.683 -0400] [PROCESS] [cadence.virtuoso.ade.simulationMonitor] - UsageInfo:
pid=815740
totalPhysicalMemory=62.101822GB,Used=49.933189GB,totalVirtualMemory=107.101818GB,Used=77.284473GB
Cpu: Cores=32, Load average:1.080000,1.580000,2.160000 {"hostname": "vlsicad", "processid": 815740, "history": "ExplorerRun.0", "logfile": "/home/user_25/trisha_vl/logs_user_25/logs0/Job2.log", "pid": "815740", "totalPhysicalMemory": "62.101822", "physicalMemoryUsed": "49.933189", "totalVirtualMemory": "107.101818", "virtualMemoryUsed": "77.284473", "cpuCores": "32", "processes": "9785", "loadAverage1": "1.080000", "loadAverage5": "1.580000", "loadAverage15": "2.160000", "loadAverage1Percent": "0.033750"}
[2026-08-30 11:55:11.683 -0400] [EVENT] [cadence.virtuoso.ade.simulationMonitor] - NewPoint {"history": "ExplorerRun.0", "point": 1, "testname": "trisha_norgate_tri_1", "cornername": "Nominal", "event": "NewPoint", "EventSource": "Simulation Monitor", "HistoryName": "ExplorerRun.0", "logFile": "/home/user_25/trisha_vl/logs_user_25/logs0/Job2.log", "logFileSize": "3145", "category": "simulation"}
[2026-08-30 11:55:11.885 -0400] [EVENT] [cadence.virtuoso.ade.simulationMonitor] - NewPoint {"history": "ExplorerRun.0", "point": 1, "testname": "trisha_norgate_tri_1", "cornername": "Nominal", "event": "NewPoint", "EventSource": "spectre", "HistoryName": "ExplorerRun.0", "logFile": "/home/user_25/simulation/trisha/norgate_tri/maestro/results/maestro/ExplorerRun.0/1/trisha_norgate_tri_1/psf/spectre.out", "logFileSize": "-1", "category": "simulation"}
[2026-08-30 11:55:12.201 -0400] [PROCESS] [cadence.virtuoso.ade.simulationMonitor] - Simulator launched {"hostname": "vlsicad", "processid": 815740, "history": "ExplorerRun.0", "testname": "trisha_norgate_tri_1", "cornername": "Nominal", "point": 1, "logfile": "/home/user_25/trisha_vl/logs_user_25/logs0/Job2.log", "simid": "1", "event": "launch", "category": "simulation"}
[2026-08-30 11:55:12.207 -0400] [PROCESS] [cadence.virtuoso.ade.simulationMonitor] - Expression evaluator launched {"hostname": "vlsicad", "processid": 815740, "history": "ExplorerRun.0", "testname": "trisha_norgate_tri_1", "cornername": "Nominal", "point": 1, "logfile": "/home/user_25/trisha_vl/logs_user_25/logs0/Job2.log"}
[2026-08-30 11:55:13.207 -0400] [PROCESS] [cadence.virtuoso.ade.simulationMonitor] - Started Simulation {"hostname": "vlsicad", "processid": 815740, "history": "ExplorerRun.0", "testname": "trisha_norgate_tri_1", "cornername": "Nominal", "point": 1, "logfile": "/home/user_25/trisha_vl/logs_user_25/logs0/Job2.log", "event": "start", "category": "simulation"}
[2026-08-30 11:55:13.208 -0400] [INFO] [cadence.virtuoso.ade.simulationMonitor] - Notice from spectre during circuit read-in.
    Pre_Configuration file used: /home/cadence/lnx/spec/tools.lnx86/spectre/etc/configs/preset.precfg
    Configuration file used: `/home/cadence/lnx/spec/tools.lnx86/spectre/etc/configs/preset.cfg'. {"history": "ExplorerRun.0", "point": 1, "testname": "trisha_norgate_tri_1", "cornername": "Nominal"}
[2026-08-30 11:55:13.708 -0400] [INFO] [cadence.virtuoso.ade.simulationMonitor] - Peak resident memory used = 191 Mbytes. {"history": "ExplorerRun.0", "point": 1, "testname": "trisha_norgate_tri_1", "cornername": "Nominal"}
[2026-08-30 11:55:14.209 -0400] [INFO] [cadence.virtuoso.ade.simulationMonitor] - Peak resident memory used = 208 Mbytes. {"history": "ExplorerRun.0", "point": 1, "testname": "trisha_norgate_tri_1", "cornername": "Nominal"}
[2026-08-30 11:55:14.209 -0400] [INFO] [cadence.virtuoso.ade.simulationMonitor] - Peak resident memory used = 210 Mbytes. {"history": "ExplorerRun.0", "point": 1, "testname": "trisha_norgate_tri_1", "cornername": "Nominal"}
[2026-08-30 11:55:14.209 -0400] [INFO] [cadence.virtuoso.ade.simulationMonitor] - Notice from spectre during initial setup.
    Multithreading is disabled due to the size of the design being too small. {"history": "ExplorerRun.0", "point": 1, "testname": "trisha_norgate_tri_1", "cornername": "Nominal"}
[2026-08-30 11:55:14.210 -0400] [INFO] [cadence.virtuoso.ade.simulationMonitor] -               nodes 9 {"history": "ExplorerRun.0", "point": 1, "testname": "trisha_norgate_tri_1", "cornername": "Nominal"}
[2026-08-30 11:55:14.210 -0400] [INFO] [cadence.virtuoso.ade.simulationMonitor] - Notice from spectre during initial setup.
    Protected devices exist and are not included in the circuit inventory.
    Spectre X preset=mx enabled. {"history": "ExplorerRun.0", "point": 1, "testname": "trisha_norgate_tri_1", "cornername": "Nominal"}
[2026-08-30 11:55:14.210 -0400] [INFO] [cadence.virtuoso.ade.simulationMonitor] - Peak resident memory used = 212 Mbytes. {"history": "ExplorerRun.0", "point": 1, "testname": "trisha_norgate_tri_1", "cornername": "Nominal"}
[2026-08-30 11:55:14.211 -0400] [INFO] [cadence.virtuoso.ade.simulationMonitor] -    -   (Spectre X) Multi-threading. The recommended number of threads is 1, consider adding +mt=1 on command line. {"history": "ExplorerRun.0", "point": 1, "testname": "trisha_norgate_tri_1", "cornername": "Nominal"}
[2026-08-30 11:55:14.211 -0400] [INFO] [cadence.virtuoso.ade.simulationMonitor] - Notice from spectre during transient analysis `tran'.
    Multithreading is disabled due to the size of the design being too small. {"history": "ExplorerRun.0", "point": 1, "testname": "trisha_norgate_tri_1", "cornername": "Nominal"}
[2026-08-30 11:55:14.211 -0400] [INFO] [cadence.virtuoso.ade.simulationMonitor] - Intrinsic tran analysis time:    CPU = 87.839 ms, elapsed = 88.464 ms. {"history": "ExplorerRun.0", "point": 1, "testname": "trisha_norgate_tri_1", "cornername": "Nominal"}
[2026-08-30 11:55:14.212 -0400] [INFO] [cadence.virtuoso.ade.simulationMonitor] - Total time required for tran analysis `tran': CPU = 91.265 ms, elapsed = 91.897 ms, util. = 99.3%. {"history": "ExplorerRun.0", "point": 1, "testname": "trisha_norgate_tri_1", "cornername": "Nominal"}
[2026-08-30 11:55:14.212 -0400] [INFO] [cadence.virtuoso.ade.simulationMonitor] - Peak resident memory used = 222 Mbytes. {"history": "ExplorerRun.0", "point": 1, "testname": "trisha_norgate_tri_1", "cornername": "Nominal"}
[2026-08-30 11:55:14.212 -0400] [INFO] [cadence.virtuoso.ade.simulationMonitor] - Total time required for dc analysis `dcOp': CPU = 3.154 ms, elapsed = 4.10604 ms, util. = 76.8%. {"history": "ExplorerRun.0", "point": 1, "testname": "trisha_norgate_tri_1", "cornername": "Nominal"}
[2026-08-30 11:55:14.212 -0400] [INFO] [cadence.virtuoso.ade.simulationMonitor] - Peak resident memory used = 222 Mbytes. {"history": "ExplorerRun.0", "point": 1, "testname": "trisha_norgate_tri_1", "cornername": "Nominal"}
[2026-08-30 11:55:14.213 -0400] [INFO] [cadence.virtuoso.ade.simulationMonitor] - Notice from spectre at dc = 1.656 V during DC analysis `dc'.
    GminDC = 1 pS is large enough to noticeably affect the DC solution.
        dV(I0.net5) = 569.799 uV
        Use the `gmin_check' option to eliminate or expand this report. {"history": "ExplorerRun.0", "point": 1, "testname": "trisha_norgate_tri_1", "cornername": "Nominal"}
[2026-08-30 11:55:14.213 -0400] [INFO] [cadence.virtuoso.ade.simulationMonitor] - Notice from spectre at dc = 1.692 V during DC analysis `dc'.
    GminDC = 1 pS is large enough to noticeably affect the DC solution.
        dV(I0.net5) = 1.64514 mV
        Use the `gmin_check' option to eliminate or expand this report. {"history": "ExplorerRun.0", "point": 1, "testname": "trisha_norgate_tri_1", "cornername": "Nominal"}
[2026-08-30 11:55:14.213 -0400] [INFO] [cadence.virtuoso.ade.simulationMonitor] - Notice from spectre at dc = 1.728 V during DC analysis `dc'.
    GminDC = 1 pS is large enough to noticeably affect the DC solution.
        dV(I0.net5) = 4.19427 mV
        Use the `gmin_check' option to eliminate or expand this report. {"history": "ExplorerRun.0", "point": 1, "testname": "trisha_norgate_tri_1", "cornername": "Nominal"}
[2026-08-30 11:55:14.213 -0400] [INFO] [cadence.virtuoso.ade.simulationMonitor] - Notice from spectre at dc = 1.764 V during DC analysis `dc'.
    GminDC = 1 pS is large enough to noticeably affect the DC solution.
        dV(I0.net5) = 8.10873 mV
        Use the `gmin_check' option to eliminate or expand this report. {"history": "ExplorerRun.0", "point": 1, "testname": "trisha_norgate_tri_1", "cornername": "Nominal"}
[2026-08-30 11:55:14.214 -0400] [INFO] [cadence.virtuoso.ade.simulationMonitor] - Notice from spectre at dc = 1.8 V during DC analysis `dc'.
    GminDC = 1 pS is large enough to noticeably affect the DC solution.
        Further occurrences of this notice will be suppressed.
        dV(I0.net5) = 11.1061 mV
        Further occurrences of this notice will be suppressed.
        Use the `gmin_check' option to eliminate or expand this report.
        Further occurrences of this notice will be suppressed. {"history": "ExplorerRun.0", "point": 1, "testname": "trisha_norgate_tri_1", "cornername": "Nominal"}
[2026-08-30 11:55:14.214 -0400] [INFO] [cadence.virtuoso.ade.simulationMonitor] - Notice from spectre at dc = 1.8 V during DC analysis `dc'.
    The value of parameter 'dc' has been reset to the original value 0. {"history": "ExplorerRun.0", "point": 1, "testname": "trisha_norgate_tri_1", "cornername": "Nominal"}
[2026-08-30 11:55:14.214 -0400] [INFO] [cadence.virtuoso.ade.simulationMonitor] - Total time required for dc analysis `dc': CPU = 16.155 ms, elapsed = 16.593 ms, util. = 97.4%. {"history": "ExplorerRun.0", "point": 1, "testname": "trisha_norgate_tri_1", "cornername": "Nominal"}
[2026-08-30 11:55:14.214 -0400] [INFO] [cadence.virtuoso.ade.simulationMonitor] - Peak resident memory used = 222 Mbytes. {"history": "ExplorerRun.0", "point": 1, "testname": "trisha_norgate_tri_1", "cornername": "Nominal"}
[2026-08-30 11:55:14.215 -0400] [INFO] [cadence.virtuoso.ade.simulationMonitor] - Time used: CPU = 1.07 s, elapsed = 1.1 s, util. = 97.7%. {"history": "ExplorerRun.0", "point": 1, "testname": "trisha_norgate_tri_1", "cornername": "Nominal"}
[2026-08-30 11:55:14.215 -0400] [INFO] [cadence.virtuoso.ade.simulationMonitor] - Time spent in licensing: elapsed = 102 ms, percentage of total = 9.27%. {"history": "ExplorerRun.0", "point": 1, "testname": "trisha_norgate_tri_1", "cornername": "Nominal"}
[2026-08-30 11:55:14.215 -0400] [INFO] [cadence.virtuoso.ade.simulationMonitor] - Peak memory used = 223 Mbytes. {"history": "ExplorerRun.0", "point": 1, "testname": "trisha_norgate_tri_1", "cornername": "Nominal"}
[2026-08-30 11:55:14.216 -0400] [PROCESS] [cadence.virtuoso.ade.simulationMonitor] - Simulation started at: 11:55:12 AM, Sun Aug 30, 2026, ended at: 11:55:13 AM, Sun Aug 30, 2026, with elapsed time (wall clock): 1.1 s. {"history": "ExplorerRun.0", "point": 1, "testname": "trisha_norgate_tri_1", "cornername": "Nominal"}
[2026-08-30 11:55:14.216 -0400] [PROCESS] [cadence.virtuoso.ade.simulationMonitor] - spectre completes with 0 errors, 0 warnings, and 14 notices. {"history": "ExplorerRun.0", "point": 1, "testname": "trisha_norgate_tri_1", "cornername": "Nominal"}
[2026-08-30 11:55:14.216 -0400] [PROCESS] [cadence.virtuoso.ade.simulationMonitor] - Finished simulating for one point {"hostname": "vlsicad", "processid": 815740, "history": "ExplorerRun.0", "testname": "trisha_norgate_tri_1", "cornername": "Nominal", "point": 1, "logfile": "/home/user_25/trisha_vl/logs_user_25/logs0/Job2.log", "simid": "1", "event": "finish", "category": "simulation"}
[2026-08-30 11:55:14.217 -0400] [PROCESS] [cadence.virtuoso.ade.simulationMonitor] - Simulator exited {"hostname": "vlsicad", "processid": 815740, "history": "ExplorerRun.0", "testname": "trisha_norgate_tri_1", "cornername": "Nominal", "point": 1, "logfile": "/home/user_25/trisha_vl/logs_user_25/logs0/Job2.log", "exitStatus": "0"}
[2026-08-30 11:55:14.217 -0400] [PROCESS] [cadence.virtuoso.ade.simulationMonitor] - Finished Simulation {"hostname": "vlsicad", "processid": 815740, "history": "ExplorerRun.0", "testname": "trisha_norgate_tri_1", "cornername": "Nominal", "point": 1, "logfile": "/home/user_25/trisha_vl/logs_user_25/logs0/Job2.log", "simid": "1", "event": "finish", "category": "obsolete"}
[2026-08-30 11:55:18.720 -0400] [PROCESS] [cadence.virtuoso.ade.simulationMonitor] - Point Finished {"hostname": "vlsicad", "processid": 815740, "history": "ExplorerRun.0", "testname": "trisha_norgate_tri_1", "cornername": "Nominal", "point": 1, "logfile": "/home/user_25/trisha_vl/logs_user_25/logs0/Job2.log", "event": "finish", "category": "sim-eval"}
[2026-08-30 11:55:27.330 -0400] [PROCESS] [cadence.virtuoso.ade.simulationMonitor] - Current memory used: 93.3438 MBytes, peak memory used: 93.3438 MBytes {"hostname": "vlsicad", "processid": 815740, "history": "ExplorerRun.0", "testname": "trisha_norgate_tri_1", "cornername": "Nominal", "point": 1, "logfile": "/home/user_25/trisha_vl/logs_user_25/logs0/Job2.log"}
[2026-08-30 11:55:27.330 -0400] [PROCESS] [cadence.virtuoso.ade.simulationMonitor] - Simulation Monitor process exits. {"hostname": "vlsicad", "processid": 815740, "history": "ExplorerRun.0", "testname": "trisha_norgate_tri_1", "cornername": "Nominal", "point": 1, "logfile": "/home/user_25/trisha_vl/logs_user_25/logs0/Job2.log"}
