[Simulation Monitor: 4]
[2026-08-30 06:30:39.141 -0400] [PROCESS] [cadence.virtuoso.ade.simulationMonitor] - Started the simulation monitor process {"hostname": "vlsicad", "processid": 253160, "logfile": "/home/user_25/trisha_vl/logs_user_25/logs0/Job4.log", "simulation monitor command line": "/home/cadence/lnx/ic_25/tools.lnx86/dfII/bin/64bit/spectreMonitor --davinciService DaVinciService_168231_1788085115 --axlsession fnxSession0 -lscs 00010590E36CFC06BC4D5CA3CF6CC906E37F76EB9D739806DF2C0A8CEC7E9F67D0227DAAD245CD34C87766E3A12FFC06BC4D0C778951FA48D6D900001AA5 -beanhost vlsicad -beanport 11490 -beanLogFile /home/user_25/trisha_vl/logs_user_25/logs0/amps_Job4.log -beanbinlog  --domain 0 --interactive yes --netlistOpt no --useMultiPointEvaluation yes --exprEvalShowJobStderr yes --evalSimParallel no --maxSims 0 --historyName ExplorerRun.0 --historyUUID  --exprEvaluator vds --mcMapping mc1.mapping --checkLogStatusInterval 0 --checkSimulatorLogTimeout 1200 --exprEvalMaxTries 3 --maxNFSSyncWait 60 -adeBrokerAddress vlsicad:41547 --statdbType h5v2 --fromADE true --virtuosoBinary virtuoso --guiDisplay localhost:12.0 --globalStatus 60 --evaluateMultiMC yes --evalOnSimFail SkipFailedAnalyses --numRetriesOnError 1 --fenixMode explorer --lingertimeout 300 -ahdlLockTimeout 60 --sdbLib trisha --sdbCell norgate_test --sdbView maestro --heartBeatFileDir /dev/shm --id 4 --uuid 68f47a03-9b70-4656-9d54-d7c8d36badd1 --log /home/user_25/trisha_vl/logs_user_25/logs0/Job4.log "}
[2026-08-30 06:30:39.142 -0400] [PROCESS] [cadence.virtuoso.ade.simulationMonitor] - Started the simulation monitor process {"hostname": "vlsicad", "processid": 253160, "logfile": "/home/user_25/trisha_vl/logs_user_25/logs0/Job4.log", "current directory": "/home/user_25/trisha_vl"}
[2026-08-30 06:30:39.142 -0400] [PROCESS] [cadence.virtuoso.ade.simulationMonitor] - Simulation Monitor has successfully started up. Trying to set up communication channels to other components ... {"hostname": "vlsicad", "processid": 253160, "logfile": "/home/user_25/trisha_vl/logs_user_25/logs0/Job4.log"}
[2026-08-30 06:30:39.142 -0400] [PROCESS] [cadence.virtuoso.ade.simulationMonitor] - Communication channels have been successfully set up. Start processing events ... {"hostname": "vlsicad", "processid": 253160, "logfile": "/home/user_25/trisha_vl/logs_user_25/logs0/Job4.log"}
[2026-08-30 06:30:39.142 -0400] [PROCESS] [cadence.virtuoso.ade.simulationMonitor] - Considering to start history {"hostname": "vlsicad", "processid": 253160, "history": "ExplorerRun.0", "logfile": "/home/user_25/trisha_vl/logs_user_25/logs0/Job4.log"}
[2026-08-30 06:30:39.146 -0400] [PROCESS] [cadence.virtuoso.ade.simulationMonitor] - HostInfo:
Host name (type):	vlsicad (x86_64)
Operating system:	Linux 4.18.0-553.139.1.el8_10.x86_64 #1 SMP Sun Jun 28 20:54:52 EDT 2026 {"hostname": "vlsicad", "processid": 253160, "history": "ExplorerRun.0", "logfile": "/home/user_25/trisha_vl/logs_user_25/logs0/Job4.log", "nodename": "vlsicad", "domainname": "(none)", "machine": "x86_64", "sysname": "Linux", "release": "4.18.0-553.139.1.el8_10.x86_64", "version": "#1 SMP Sun Jun 28 20:54:52 EDT 2026"}
[2026-08-30 06:30:39.146 -0400] [PROCESS] [cadence.virtuoso.ade.simulationMonitor] - UsageInfo:
pid=253160
totalPhysicalMemory=62.101822GB,Used=48.921906GB,totalVirtualMemory=107.101818GB,Used=76.468506GB
Cpu: Cores=32, Load average:1.640000,2.250000,2.600000 {"hostname": "vlsicad", "processid": 253160, "history": "ExplorerRun.0", "logfile": "/home/user_25/trisha_vl/logs_user_25/logs0/Job4.log", "pid": "253160", "totalPhysicalMemory": "62.101822", "physicalMemoryUsed": "48.921906", "totalVirtualMemory": "107.101818", "virtualMemoryUsed": "76.468506", "cpuCores": "32", "processes": "9637", "loadAverage1": "1.640000", "loadAverage5": "2.250000", "loadAverage15": "2.600000", "loadAverage1Percent": "0.051250"}
[2026-08-30 06:30:39.146 -0400] [EVENT] [cadence.virtuoso.ade.simulationMonitor] - NewPoint {"history": "ExplorerRun.0", "point": 1, "testname": "trisha_norgate_test_1", "cornername": "Nominal", "event": "NewPoint", "EventSource": "Simulation Monitor", "HistoryName": "ExplorerRun.0", "logFile": "/home/user_25/trisha_vl/logs_user_25/logs0/Job4.log", "logFileSize": "3862", "category": "simulation"}
[2026-08-30 06:30:39.448 -0400] [EVENT] [cadence.virtuoso.ade.simulationMonitor] - NewPoint {"history": "ExplorerRun.0", "point": 1, "testname": "trisha_norgate_test_1", "cornername": "Nominal", "event": "NewPoint", "EventSource": "spectre", "HistoryName": "ExplorerRun.0", "logFile": "/home/user_25/simulation/trisha/norgate_test/maestro/results/maestro/ExplorerRun.0/1/trisha_norgate_test_1/psf/spectre.out", "logFileSize": "-1", "category": "simulation"}
[2026-08-30 06:30:39.786 -0400] [PROCESS] [cadence.virtuoso.ade.simulationMonitor] - Simulator launched {"hostname": "vlsicad", "processid": 253160, "history": "ExplorerRun.0", "testname": "trisha_norgate_test_1", "cornername": "Nominal", "point": 1, "logfile": "/home/user_25/trisha_vl/logs_user_25/logs0/Job4.log", "simid": "1", "event": "launch", "category": "simulation"}
[2026-08-30 06:30:39.790 -0400] [PROCESS] [cadence.virtuoso.ade.simulationMonitor] - Expression evaluator launched {"hostname": "vlsicad", "processid": 253160, "history": "ExplorerRun.0", "testname": "trisha_norgate_test_1", "cornername": "Nominal", "point": 1, "logfile": "/home/user_25/trisha_vl/logs_user_25/logs0/Job4.log"}
[2026-08-30 06:30:40.782 -0400] [PROCESS] [cadence.virtuoso.ade.simulationMonitor] - Started Simulation {"hostname": "vlsicad", "processid": 253160, "history": "ExplorerRun.0", "testname": "trisha_norgate_test_1", "cornername": "Nominal", "point": 1, "logfile": "/home/user_25/trisha_vl/logs_user_25/logs0/Job4.log", "event": "start", "category": "simulation"}
[2026-08-30 06:30:40.783 -0400] [INFO] [cadence.virtuoso.ade.simulationMonitor] - Notice from spectre during circuit read-in.
    Pre_Configuration file used: /home/cadence/lnx/spec/tools.lnx86/spectre/etc/configs/preset.precfg
    Configuration file used: `/home/cadence/lnx/spec/tools.lnx86/spectre/etc/configs/preset.cfg'. {"history": "ExplorerRun.0", "point": 1, "testname": "trisha_norgate_test_1", "cornername": "Nominal"}
[2026-08-30 06:30:41.283 -0400] [INFO] [cadence.virtuoso.ade.simulationMonitor] - Peak resident memory used = 191 Mbytes. {"history": "ExplorerRun.0", "point": 1, "testname": "trisha_norgate_test_1", "cornername": "Nominal"}
[2026-08-30 06:30:41.283 -0400] [INFO] [cadence.virtuoso.ade.simulationMonitor] - Peak resident memory used = 205 Mbytes. {"history": "ExplorerRun.0", "point": 1, "testname": "trisha_norgate_test_1", "cornername": "Nominal"}
[2026-08-30 06:30:41.283 -0400] [INFO] [cadence.virtuoso.ade.simulationMonitor] - Peak resident memory used = 207 Mbytes. {"history": "ExplorerRun.0", "point": 1, "testname": "trisha_norgate_test_1", "cornername": "Nominal"}
[2026-08-30 06:30:41.284 -0400] [INFO] [cadence.virtuoso.ade.simulationMonitor] - Notice from spectre during initial setup.
    Multithreading is disabled due to the size of the design being too small. {"history": "ExplorerRun.0", "point": 1, "testname": "trisha_norgate_test_1", "cornername": "Nominal"}
[2026-08-30 06:30:41.284 -0400] [INFO] [cadence.virtuoso.ade.simulationMonitor] -               nodes 9 {"history": "ExplorerRun.0", "point": 1, "testname": "trisha_norgate_test_1", "cornername": "Nominal"}
[2026-08-30 06:30:41.284 -0400] [INFO] [cadence.virtuoso.ade.simulationMonitor] - Notice from spectre during initial setup.
    Protected devices exist and are not included in the circuit inventory.
    Spectre X preset=mx enabled. {"history": "ExplorerRun.0", "point": 1, "testname": "trisha_norgate_test_1", "cornername": "Nominal"}
[2026-08-30 06:30:41.285 -0400] [INFO] [cadence.virtuoso.ade.simulationMonitor] - Peak resident memory used = 210 Mbytes. {"history": "ExplorerRun.0", "point": 1, "testname": "trisha_norgate_test_1", "cornername": "Nominal"}
[2026-08-30 06:30:41.285 -0400] [INFO] [cadence.virtuoso.ade.simulationMonitor] -    -   (Spectre X) Multi-threading. The recommended number of threads is 1, consider adding +mt=1 on command line. {"history": "ExplorerRun.0", "point": 1, "testname": "trisha_norgate_test_1", "cornername": "Nominal"}
[2026-08-30 06:30:41.285 -0400] [INFO] [cadence.virtuoso.ade.simulationMonitor] - Notice from spectre during transient analysis `tran'.
    Multithreading is disabled due to the size of the design being too small. {"history": "ExplorerRun.0", "point": 1, "testname": "trisha_norgate_test_1", "cornername": "Nominal"}
[2026-08-30 06:30:41.786 -0400] [INFO] [cadence.virtuoso.ade.simulationMonitor] - Intrinsic tran analysis time:    CPU = 64.056 ms, elapsed = 64.5401 ms. {"history": "ExplorerRun.0", "point": 1, "testname": "trisha_norgate_test_1", "cornername": "Nominal"}
[2026-08-30 06:30:41.786 -0400] [INFO] [cadence.virtuoso.ade.simulationMonitor] - Total time required for tran analysis `tran': CPU = 66.88 ms, elapsed = 67.3721 ms, util. = 99.3%. {"history": "ExplorerRun.0", "point": 1, "testname": "trisha_norgate_test_1", "cornername": "Nominal"}
[2026-08-30 06:30:41.786 -0400] [INFO] [cadence.virtuoso.ade.simulationMonitor] - Peak resident memory used = 219 Mbytes. {"history": "ExplorerRun.0", "point": 1, "testname": "trisha_norgate_test_1", "cornername": "Nominal"}
[2026-08-30 06:30:41.787 -0400] [INFO] [cadence.virtuoso.ade.simulationMonitor] - Total time required for dc analysis `dcOp': CPU = 1.926 ms, elapsed = 2.18296 ms, util. = 88.2%. {"history": "ExplorerRun.0", "point": 1, "testname": "trisha_norgate_test_1", "cornername": "Nominal"}
[2026-08-30 06:30:41.787 -0400] [INFO] [cadence.virtuoso.ade.simulationMonitor] - Peak resident memory used = 220 Mbytes. {"history": "ExplorerRun.0", "point": 1, "testname": "trisha_norgate_test_1", "cornername": "Nominal"}
[2026-08-30 06:30:41.787 -0400] [INFO] [cadence.virtuoso.ade.simulationMonitor] - Notice from spectre at dc = 1.656 V during DC analysis `dc'.
    GminDC = 1 pS is large enough to noticeably affect the DC solution.
        dV(I0.net9) = 569.799 uV
        Use the `gmin_check' option to eliminate or expand this report. {"history": "ExplorerRun.0", "point": 1, "testname": "trisha_norgate_test_1", "cornername": "Nominal"}
[2026-08-30 06:30:41.787 -0400] [INFO] [cadence.virtuoso.ade.simulationMonitor] - Notice from spectre at dc = 1.692 V during DC analysis `dc'.
    GminDC = 1 pS is large enough to noticeably affect the DC solution.
        dV(I0.net9) = 1.64514 mV
        Use the `gmin_check' option to eliminate or expand this report. {"history": "ExplorerRun.0", "point": 1, "testname": "trisha_norgate_test_1", "cornername": "Nominal"}
[2026-08-30 06:30:41.787 -0400] [INFO] [cadence.virtuoso.ade.simulationMonitor] - Notice from spectre at dc = 1.728 V during DC analysis `dc'.
    GminDC = 1 pS is large enough to noticeably affect the DC solution.
        dV(I0.net9) = 4.19427 mV
        Use the `gmin_check' option to eliminate or expand this report. {"history": "ExplorerRun.0", "point": 1, "testname": "trisha_norgate_test_1", "cornername": "Nominal"}
[2026-08-30 06:30:41.788 -0400] [INFO] [cadence.virtuoso.ade.simulationMonitor] - Notice from spectre at dc = 1.764 V during DC analysis `dc'.
    GminDC = 1 pS is large enough to noticeably affect the DC solution.
        dV(I0.net9) = 8.10873 mV
        Use the `gmin_check' option to eliminate or expand this report. {"history": "ExplorerRun.0", "point": 1, "testname": "trisha_norgate_test_1", "cornername": "Nominal"}
[2026-08-30 06:30:41.788 -0400] [INFO] [cadence.virtuoso.ade.simulationMonitor] - Notice from spectre at dc = 1.8 V during DC analysis `dc'.
    GminDC = 1 pS is large enough to noticeably affect the DC solution.
        Further occurrences of this notice will be suppressed.
        dV(I0.net9) = 11.1061 mV
        Further occurrences of this notice will be suppressed.
        Use the `gmin_check' option to eliminate or expand this report.
        Further occurrences of this notice will be suppressed. {"history": "ExplorerRun.0", "point": 1, "testname": "trisha_norgate_test_1", "cornername": "Nominal"}
[2026-08-30 06:30:41.788 -0400] [INFO] [cadence.virtuoso.ade.simulationMonitor] - Notice from spectre at dc = 1.8 V during DC analysis `dc'.
    The value of parameter 'dc' has been reset to the original value 0. {"history": "ExplorerRun.0", "point": 1, "testname": "trisha_norgate_test_1", "cornername": "Nominal"}
[2026-08-30 06:30:41.788 -0400] [INFO] [cadence.virtuoso.ade.simulationMonitor] - Total time required for dc analysis `dc': CPU = 7.18 ms, elapsed = 7.45893 ms, util. = 96.3%. {"history": "ExplorerRun.0", "point": 1, "testname": "trisha_norgate_test_1", "cornername": "Nominal"}
[2026-08-30 06:30:41.789 -0400] [INFO] [cadence.virtuoso.ade.simulationMonitor] - Peak resident memory used = 220 Mbytes. {"history": "ExplorerRun.0", "point": 1, "testname": "trisha_norgate_test_1", "cornername": "Nominal"}
[2026-08-30 06:30:41.789 -0400] [INFO] [cadence.virtuoso.ade.simulationMonitor] - Time used: CPU = 968 ms, elapsed = 957 ms, util. = 101%. {"history": "ExplorerRun.0", "point": 1, "testname": "trisha_norgate_test_1", "cornername": "Nominal"}
[2026-08-30 06:30:41.789 -0400] [INFO] [cadence.virtuoso.ade.simulationMonitor] - Time spent in licensing: elapsed = 101 ms, percentage of total = 10.5%. {"history": "ExplorerRun.0", "point": 1, "testname": "trisha_norgate_test_1", "cornername": "Nominal"}
[2026-08-30 06:30:41.789 -0400] [INFO] [cadence.virtuoso.ade.simulationMonitor] - Peak memory used = 220 Mbytes. {"history": "ExplorerRun.0", "point": 1, "testname": "trisha_norgate_test_1", "cornername": "Nominal"}
[2026-08-30 06:30:41.789 -0400] [PROCESS] [cadence.virtuoso.ade.simulationMonitor] - Simulation started at: 6:30:40 AM, Sun Aug 30, 2026, ended at: 6:30:41 AM, Sun Aug 30, 2026, with elapsed time (wall clock): 957 ms. {"history": "ExplorerRun.0", "point": 1, "testname": "trisha_norgate_test_1", "cornername": "Nominal"}
[2026-08-30 06:30:41.790 -0400] [PROCESS] [cadence.virtuoso.ade.simulationMonitor] - spectre completes with 0 errors, 0 warnings, and 14 notices. {"history": "ExplorerRun.0", "point": 1, "testname": "trisha_norgate_test_1", "cornername": "Nominal"}
[2026-08-30 06:30:41.790 -0400] [PROCESS] [cadence.virtuoso.ade.simulationMonitor] - Finished simulating for one point {"hostname": "vlsicad", "processid": 253160, "history": "ExplorerRun.0", "testname": "trisha_norgate_test_1", "cornername": "Nominal", "point": 1, "logfile": "/home/user_25/trisha_vl/logs_user_25/logs0/Job4.log", "simid": "1", "event": "finish", "category": "simulation"}
[2026-08-30 06:30:41.790 -0400] [PROCESS] [cadence.virtuoso.ade.simulationMonitor] - Simulator exited {"hostname": "vlsicad", "processid": 253160, "history": "ExplorerRun.0", "testname": "trisha_norgate_test_1", "cornername": "Nominal", "point": 1, "logfile": "/home/user_25/trisha_vl/logs_user_25/logs0/Job4.log", "exitStatus": "0"}
[2026-08-30 06:30:41.790 -0400] [PROCESS] [cadence.virtuoso.ade.simulationMonitor] - Finished Simulation {"hostname": "vlsicad", "processid": 253160, "history": "ExplorerRun.0", "testname": "trisha_norgate_test_1", "cornername": "Nominal", "point": 1, "logfile": "/home/user_25/trisha_vl/logs_user_25/logs0/Job4.log", "simid": "1", "event": "finish", "category": "obsolete"}
[2026-08-30 06:30:46.293 -0400] [PROCESS] [cadence.virtuoso.ade.simulationMonitor] - Point Finished {"hostname": "vlsicad", "processid": 253160, "history": "ExplorerRun.0", "testname": "trisha_norgate_test_1", "cornername": "Nominal", "point": 1, "logfile": "/home/user_25/trisha_vl/logs_user_25/logs0/Job4.log", "event": "finish", "category": "sim-eval"}
[2026-08-30 06:30:48.797 -0400] [PROCESS] [cadence.virtuoso.ade.simulationMonitor] - Current memory used: 93.1836 MBytes, peak memory used: 93.1836 MBytes {"hostname": "vlsicad", "processid": 253160, "history": "ExplorerRun.0", "testname": "trisha_norgate_test_1", "cornername": "Nominal", "point": 1, "logfile": "/home/user_25/trisha_vl/logs_user_25/logs0/Job4.log"}
[2026-08-30 06:30:48.797 -0400] [PROCESS] [cadence.virtuoso.ade.simulationMonitor] - Simulation Monitor process exits. {"hostname": "vlsicad", "processid": 253160, "history": "ExplorerRun.0", "testname": "trisha_norgate_test_1", "cornername": "Nominal", "point": 1, "logfile": "/home/user_25/trisha_vl/logs_user_25/logs0/Job4.log"}
