[Simulation Monitor: 6]
[2026-08-30 06:36:21.575 -0400] [PROCESS] [cadence.virtuoso.ade.simulationMonitor] - Started the simulation monitor process {"hostname": "vlsicad", "processid": 263266, "logfile": "/home/user_25/trisha_vl/logs_user_25/logs0/Job6.log", "simulation monitor command line": "/home/cadence/lnx/ic_25/tools.lnx86/dfII/bin/64bit/spectreMonitor --davinciService DaVinciService_168231_1788085115 --axlsession fnxSession0 -lscs 00010590E36CFC06BC4D5CA3CF6CC906E37F76EB9D739806DF2C0A8CEC7E9F67D0227DAAD245CD34C87766E3A12FFC06BC4D0C7788BAFBA3D6D900001ACA -beanhost vlsicad -beanport 11490 -beanLogFile /home/user_25/trisha_vl/logs_user_25/logs0/amps_Job6.log -beanbinlog  --domain 0 --interactive yes --netlistOpt no --useMultiPointEvaluation yes --exprEvalShowJobStderr yes --evalSimParallel no --maxSims 0 --historyName ExplorerRun.0 --historyUUID  --exprEvaluator vds --mcMapping mc1.mapping --checkLogStatusInterval 0 --checkSimulatorLogTimeout 1200 --exprEvalMaxTries 3 --maxNFSSyncWait 60 -adeBrokerAddress vlsicad:41547 --statdbType h5v2 --fromADE true --virtuosoBinary virtuoso --guiDisplay localhost:12.0 --globalStatus 60 --evaluateMultiMC yes --evalOnSimFail SkipFailedAnalyses --numRetriesOnError 1 --fenixMode explorer --lingertimeout 300 -ahdlLockTimeout 60 --sdbLib trisha --sdbCell norgate_test --sdbView maestro --heartBeatFileDir /dev/shm --id 6 --uuid 003387d5-8521-44ec-bbd2-d2064d579582 --log /home/user_25/trisha_vl/logs_user_25/logs0/Job6.log "}
[2026-08-30 06:36:21.576 -0400] [PROCESS] [cadence.virtuoso.ade.simulationMonitor] - Started the simulation monitor process {"hostname": "vlsicad", "processid": 263266, "logfile": "/home/user_25/trisha_vl/logs_user_25/logs0/Job6.log", "current directory": "/home/user_25/trisha_vl"}
[2026-08-30 06:36:21.576 -0400] [PROCESS] [cadence.virtuoso.ade.simulationMonitor] - Simulation Monitor has successfully started up. Trying to set up communication channels to other components ... {"hostname": "vlsicad", "processid": 263266, "logfile": "/home/user_25/trisha_vl/logs_user_25/logs0/Job6.log"}
[2026-08-30 06:36:21.577 -0400] [PROCESS] [cadence.virtuoso.ade.simulationMonitor] - Communication channels have been successfully set up. Start processing events ... {"hostname": "vlsicad", "processid": 263266, "logfile": "/home/user_25/trisha_vl/logs_user_25/logs0/Job6.log"}
[2026-08-30 06:36:21.577 -0400] [PROCESS] [cadence.virtuoso.ade.simulationMonitor] - Considering to start history {"hostname": "vlsicad", "processid": 263266, "history": "ExplorerRun.0", "logfile": "/home/user_25/trisha_vl/logs_user_25/logs0/Job6.log"}
[2026-08-30 06:36:21.581 -0400] [PROCESS] [cadence.virtuoso.ade.simulationMonitor] - HostInfo:
Host name (type):	vlsicad (x86_64)
Operating system:	Linux 4.18.0-553.139.1.el8_10.x86_64 #1 SMP Sun Jun 28 20:54:52 EDT 2026 {"hostname": "vlsicad", "processid": 263266, "history": "ExplorerRun.0", "logfile": "/home/user_25/trisha_vl/logs_user_25/logs0/Job6.log", "nodename": "vlsicad", "domainname": "(none)", "machine": "x86_64", "sysname": "Linux", "release": "4.18.0-553.139.1.el8_10.x86_64", "version": "#1 SMP Sun Jun 28 20:54:52 EDT 2026"}
[2026-08-30 06:36:21.581 -0400] [PROCESS] [cadence.virtuoso.ade.simulationMonitor] - UsageInfo:
pid=263266
totalPhysicalMemory=62.101822GB,Used=48.969093GB,totalVirtualMemory=107.101818GB,Used=76.483467GB
Cpu: Cores=32, Load average:3.060000,2.850000,2.760000 {"hostname": "vlsicad", "processid": 263266, "history": "ExplorerRun.0", "logfile": "/home/user_25/trisha_vl/logs_user_25/logs0/Job6.log", "pid": "263266", "totalPhysicalMemory": "62.101822", "physicalMemoryUsed": "48.969093", "totalVirtualMemory": "107.101818", "virtualMemoryUsed": "76.483467", "cpuCores": "32", "processes": "9614", "loadAverage1": "3.060000", "loadAverage5": "2.850000", "loadAverage15": "2.760000", "loadAverage1Percent": "0.095625"}
[2026-08-30 06:36:21.581 -0400] [EVENT] [cadence.virtuoso.ade.simulationMonitor] - NewPoint {"history": "ExplorerRun.0", "point": 1, "testname": "trisha_norgate_test_1", "cornername": "Nominal", "event": "NewPoint", "EventSource": "Simulation Monitor", "HistoryName": "ExplorerRun.0", "logFile": "/home/user_25/trisha_vl/logs_user_25/logs0/Job6.log", "logFileSize": "3146", "category": "simulation"}
[2026-08-30 06:36:21.883 -0400] [EVENT] [cadence.virtuoso.ade.simulationMonitor] - NewPoint {"history": "ExplorerRun.0", "point": 1, "testname": "trisha_norgate_test_1", "cornername": "Nominal", "event": "NewPoint", "EventSource": "spectre", "HistoryName": "ExplorerRun.0", "logFile": "/home/user_25/simulation/trisha/norgate_test/maestro/results/maestro/ExplorerRun.0/1/trisha_norgate_test_1/psf/spectre.out", "logFileSize": "-1", "category": "simulation"}
[2026-08-30 06:36:22.227 -0400] [PROCESS] [cadence.virtuoso.ade.simulationMonitor] - Simulator launched {"hostname": "vlsicad", "processid": 263266, "history": "ExplorerRun.0", "testname": "trisha_norgate_test_1", "cornername": "Nominal", "point": 1, "logfile": "/home/user_25/trisha_vl/logs_user_25/logs0/Job6.log", "simid": "1", "event": "launch", "category": "simulation"}
[2026-08-30 06:36:22.233 -0400] [PROCESS] [cadence.virtuoso.ade.simulationMonitor] - Expression evaluator launched {"hostname": "vlsicad", "processid": 263266, "history": "ExplorerRun.0", "testname": "trisha_norgate_test_1", "cornername": "Nominal", "point": 1, "logfile": "/home/user_25/trisha_vl/logs_user_25/logs0/Job6.log"}
[2026-08-30 06:36:23.168 -0400] [PROCESS] [cadence.virtuoso.ade.simulationMonitor] - Started Simulation {"hostname": "vlsicad", "processid": 263266, "history": "ExplorerRun.0", "testname": "trisha_norgate_test_1", "cornername": "Nominal", "point": 1, "logfile": "/home/user_25/trisha_vl/logs_user_25/logs0/Job6.log", "event": "start", "category": "simulation"}
[2026-08-30 06:36:23.168 -0400] [INFO] [cadence.virtuoso.ade.simulationMonitor] - Notice from spectre during circuit read-in.
    Pre_Configuration file used: /home/cadence/lnx/spec/tools.lnx86/spectre/etc/configs/preset.precfg
    Configuration file used: `/home/cadence/lnx/spec/tools.lnx86/spectre/etc/configs/preset.cfg'. {"history": "ExplorerRun.0", "point": 1, "testname": "trisha_norgate_test_1", "cornername": "Nominal"}
[2026-08-30 06:36:23.669 -0400] [INFO] [cadence.virtuoso.ade.simulationMonitor] - Peak resident memory used = 209 Mbytes. {"history": "ExplorerRun.0", "point": 1, "testname": "trisha_norgate_test_1", "cornername": "Nominal"}
[2026-08-30 06:36:24.169 -0400] [INFO] [cadence.virtuoso.ade.simulationMonitor] - Peak resident memory used = 223 Mbytes. {"history": "ExplorerRun.0", "point": 1, "testname": "trisha_norgate_test_1", "cornername": "Nominal"}
[2026-08-30 06:36:24.170 -0400] [INFO] [cadence.virtuoso.ade.simulationMonitor] - Peak resident memory used = 226 Mbytes. {"history": "ExplorerRun.0", "point": 1, "testname": "trisha_norgate_test_1", "cornername": "Nominal"}
[2026-08-30 06:36:24.170 -0400] [INFO] [cadence.virtuoso.ade.simulationMonitor] - Notice from spectre during initial setup.
    Multithreading is disabled due to the size of the design being too small. {"history": "ExplorerRun.0", "point": 1, "testname": "trisha_norgate_test_1", "cornername": "Nominal"}
[2026-08-30 06:36:24.171 -0400] [INFO] [cadence.virtuoso.ade.simulationMonitor] -               nodes 9 {"history": "ExplorerRun.0", "point": 1, "testname": "trisha_norgate_test_1", "cornername": "Nominal"}
[2026-08-30 06:36:24.171 -0400] [INFO] [cadence.virtuoso.ade.simulationMonitor] - Notice from spectre during initial setup.
    Protected devices exist and are not included in the circuit inventory.
    Spectre X preset=mx enabled. {"history": "ExplorerRun.0", "point": 1, "testname": "trisha_norgate_test_1", "cornername": "Nominal"}
[2026-08-30 06:36:24.171 -0400] [INFO] [cadence.virtuoso.ade.simulationMonitor] - Peak resident memory used = 229 Mbytes. {"history": "ExplorerRun.0", "point": 1, "testname": "trisha_norgate_test_1", "cornername": "Nominal"}
[2026-08-30 06:36:24.171 -0400] [INFO] [cadence.virtuoso.ade.simulationMonitor] -    -   (Spectre X) Multi-threading. The recommended number of threads is 1, consider adding +mt=1 on command line. {"history": "ExplorerRun.0", "point": 1, "testname": "trisha_norgate_test_1", "cornername": "Nominal"}
[2026-08-30 06:36:24.172 -0400] [INFO] [cadence.virtuoso.ade.simulationMonitor] - Notice from spectre during transient analysis `tran'.
    Multithreading is disabled due to the size of the design being too small. {"history": "ExplorerRun.0", "point": 1, "testname": "trisha_norgate_test_1", "cornername": "Nominal"}
[2026-08-30 06:36:24.172 -0400] [INFO] [cadence.virtuoso.ade.simulationMonitor] - Intrinsic tran analysis time:    CPU = 75.638 ms, elapsed = 76.4031 ms. {"history": "ExplorerRun.0", "point": 1, "testname": "trisha_norgate_test_1", "cornername": "Nominal"}
[2026-08-30 06:36:24.172 -0400] [INFO] [cadence.virtuoso.ade.simulationMonitor] - Total time required for tran analysis `tran': CPU = 79.09 ms, elapsed = 79.864 ms, util. = 99%. {"history": "ExplorerRun.0", "point": 1, "testname": "trisha_norgate_test_1", "cornername": "Nominal"}
[2026-08-30 06:36:24.172 -0400] [INFO] [cadence.virtuoso.ade.simulationMonitor] - Peak resident memory used = 238 Mbytes. {"history": "ExplorerRun.0", "point": 1, "testname": "trisha_norgate_test_1", "cornername": "Nominal"}
[2026-08-30 06:36:24.172 -0400] [INFO] [cadence.virtuoso.ade.simulationMonitor] - Total time required for dc analysis `dcOp': CPU = 2.4 ms, elapsed = 2.61688 ms, util. = 91.7%. {"history": "ExplorerRun.0", "point": 1, "testname": "trisha_norgate_test_1", "cornername": "Nominal"}
[2026-08-30 06:36:24.173 -0400] [INFO] [cadence.virtuoso.ade.simulationMonitor] - Peak resident memory used = 238 Mbytes. {"history": "ExplorerRun.0", "point": 1, "testname": "trisha_norgate_test_1", "cornername": "Nominal"}
[2026-08-30 06:36:24.173 -0400] [INFO] [cadence.virtuoso.ade.simulationMonitor] - Notice from spectre at dc = 1.656 V during DC analysis `dc'.
    GminDC = 1 pS is large enough to noticeably affect the DC solution.
        dV(I0.net9) = 569.799 uV
        Use the `gmin_check' option to eliminate or expand this report. {"history": "ExplorerRun.0", "point": 1, "testname": "trisha_norgate_test_1", "cornername": "Nominal"}
[2026-08-30 06:36:24.173 -0400] [INFO] [cadence.virtuoso.ade.simulationMonitor] - Notice from spectre at dc = 1.692 V during DC analysis `dc'.
    GminDC = 1 pS is large enough to noticeably affect the DC solution.
        dV(I0.net9) = 1.64514 mV
        Use the `gmin_check' option to eliminate or expand this report. {"history": "ExplorerRun.0", "point": 1, "testname": "trisha_norgate_test_1", "cornername": "Nominal"}
[2026-08-30 06:36:24.173 -0400] [INFO] [cadence.virtuoso.ade.simulationMonitor] - Notice from spectre at dc = 1.728 V during DC analysis `dc'.
    GminDC = 1 pS is large enough to noticeably affect the DC solution.
        dV(I0.net9) = 4.19427 mV
        Use the `gmin_check' option to eliminate or expand this report. {"history": "ExplorerRun.0", "point": 1, "testname": "trisha_norgate_test_1", "cornername": "Nominal"}
[2026-08-30 06:36:24.173 -0400] [INFO] [cadence.virtuoso.ade.simulationMonitor] - Notice from spectre at dc = 1.764 V during DC analysis `dc'.
    GminDC = 1 pS is large enough to noticeably affect the DC solution.
        dV(I0.net9) = 8.10873 mV
        Use the `gmin_check' option to eliminate or expand this report. {"history": "ExplorerRun.0", "point": 1, "testname": "trisha_norgate_test_1", "cornername": "Nominal"}
[2026-08-30 06:36:24.174 -0400] [INFO] [cadence.virtuoso.ade.simulationMonitor] - Notice from spectre at dc = 1.8 V during DC analysis `dc'.
    GminDC = 1 pS is large enough to noticeably affect the DC solution.
        Further occurrences of this notice will be suppressed.
        dV(I0.net9) = 11.1061 mV
        Further occurrences of this notice will be suppressed.
        Use the `gmin_check' option to eliminate or expand this report.
        Further occurrences of this notice will be suppressed. {"history": "ExplorerRun.0", "point": 1, "testname": "trisha_norgate_test_1", "cornername": "Nominal"}
[2026-08-30 06:36:24.174 -0400] [INFO] [cadence.virtuoso.ade.simulationMonitor] - Notice from spectre at dc = 1.8 V during DC analysis `dc'.
    The value of parameter 'dc' has been reset to the original value 0. {"history": "ExplorerRun.0", "point": 1, "testname": "trisha_norgate_test_1", "cornername": "Nominal"}
[2026-08-30 06:36:24.174 -0400] [INFO] [cadence.virtuoso.ade.simulationMonitor] - Total time required for dc analysis `dc': CPU = 8.341 ms, elapsed = 8.65197 ms, util. = 96.4%. {"history": "ExplorerRun.0", "point": 1, "testname": "trisha_norgate_test_1", "cornername": "Nominal"}
[2026-08-30 06:36:24.174 -0400] [INFO] [cadence.virtuoso.ade.simulationMonitor] - Peak resident memory used = 238 Mbytes. {"history": "ExplorerRun.0", "point": 1, "testname": "trisha_norgate_test_1", "cornername": "Nominal"}
[2026-08-30 06:36:24.175 -0400] [INFO] [cadence.virtuoso.ade.simulationMonitor] - Time used: CPU = 1.05 s, elapsed = 1.02 s, util. = 102%. {"history": "ExplorerRun.0", "point": 1, "testname": "trisha_norgate_test_1", "cornername": "Nominal"}
[2026-08-30 06:36:24.175 -0400] [INFO] [cadence.virtuoso.ade.simulationMonitor] - Time spent in licensing: elapsed = 100 ms, percentage of total = 9.79%. {"history": "ExplorerRun.0", "point": 1, "testname": "trisha_norgate_test_1", "cornername": "Nominal"}
[2026-08-30 06:36:24.175 -0400] [INFO] [cadence.virtuoso.ade.simulationMonitor] - Peak memory used = 239 Mbytes. {"history": "ExplorerRun.0", "point": 1, "testname": "trisha_norgate_test_1", "cornername": "Nominal"}
[2026-08-30 06:36:24.175 -0400] [PROCESS] [cadence.virtuoso.ade.simulationMonitor] - Simulation started at: 6:36:22 AM, Sun Aug 30, 2026, ended at: 6:36:23 AM, Sun Aug 30, 2026, with elapsed time (wall clock): 1.02 s. {"history": "ExplorerRun.0", "point": 1, "testname": "trisha_norgate_test_1", "cornername": "Nominal"}
[2026-08-30 06:36:24.175 -0400] [PROCESS] [cadence.virtuoso.ade.simulationMonitor] - spectre completes with 0 errors, 0 warnings, and 14 notices. {"history": "ExplorerRun.0", "point": 1, "testname": "trisha_norgate_test_1", "cornername": "Nominal"}
[2026-08-30 06:36:24.176 -0400] [PROCESS] [cadence.virtuoso.ade.simulationMonitor] - Finished simulating for one point {"hostname": "vlsicad", "processid": 263266, "history": "ExplorerRun.0", "testname": "trisha_norgate_test_1", "cornername": "Nominal", "point": 1, "logfile": "/home/user_25/trisha_vl/logs_user_25/logs0/Job6.log", "simid": "1", "event": "finish", "category": "simulation"}
[2026-08-30 06:36:24.176 -0400] [PROCESS] [cadence.virtuoso.ade.simulationMonitor] - Simulator exited {"hostname": "vlsicad", "processid": 263266, "history": "ExplorerRun.0", "testname": "trisha_norgate_test_1", "cornername": "Nominal", "point": 1, "logfile": "/home/user_25/trisha_vl/logs_user_25/logs0/Job6.log", "exitStatus": "0"}
[2026-08-30 06:36:24.176 -0400] [PROCESS] [cadence.virtuoso.ade.simulationMonitor] - Finished Simulation {"hostname": "vlsicad", "processid": 263266, "history": "ExplorerRun.0", "testname": "trisha_norgate_test_1", "cornername": "Nominal", "point": 1, "logfile": "/home/user_25/trisha_vl/logs_user_25/logs0/Job6.log", "simid": "1", "event": "finish", "category": "obsolete"}
[2026-08-30 06:36:28.678 -0400] [PROCESS] [cadence.virtuoso.ade.simulationMonitor] - Point Finished {"hostname": "vlsicad", "processid": 263266, "history": "ExplorerRun.0", "testname": "trisha_norgate_test_1", "cornername": "Nominal", "point": 1, "logfile": "/home/user_25/trisha_vl/logs_user_25/logs0/Job6.log", "event": "finish", "category": "sim-eval"}
[2026-08-30 06:36:39.186 -0400] [PROCESS] [cadence.virtuoso.ade.simulationMonitor] - Current memory used: 93.0117 MBytes, peak memory used: 94.8789 MBytes {"hostname": "vlsicad", "processid": 263266, "history": "ExplorerRun.0", "testname": "trisha_norgate_test_1", "cornername": "Nominal", "point": 1, "logfile": "/home/user_25/trisha_vl/logs_user_25/logs0/Job6.log"}
[2026-08-30 06:36:39.186 -0400] [PROCESS] [cadence.virtuoso.ade.simulationMonitor] - Simulation Monitor process exits. {"hostname": "vlsicad", "processid": 263266, "history": "ExplorerRun.0", "testname": "trisha_norgate_test_1", "cornername": "Nominal", "point": 1, "logfile": "/home/user_25/trisha_vl/logs_user_25/logs0/Job6.log"}
