\# Program start time:     UTC 2026.08.30 15:36:32.146
\# Local time: EDT (UTC-04:00) 2026.08.30 11:36:32.146
\o Program:		@(#)$CDS: Virtuoso Studio version IC25.1-64b 10/07/2025 20:53 (cpgbld31) $
\o Hierarchy:		/home/cadence/lnx/ic_25/tools.lnx86/dfII/
\o Sub version:		sub-version  IC25.1-64b.ISR2.32  (64-bit addresses)
\# Command line:	/home/cadence/lnx/ic_25/tools.lnx86/dfII/bin/64bit/virtuoso -beanhost vlsicad -beanport 11303 -beanbinlog  -beanLogFile /home/user_25/trisha_vl/logs_user_25/logs0/amps_Service1.log -mpssession virtuoso689136 -mpshost vlsicad -davinciService DaVinciService_689136_1788104187 -scopedPid 689136 -axlSession fnxSession0 -axlServiceIdFlag 1 -uuid a4d381fe-37c0-4192-885f-5b9b31da28c7 -heartbeat /dev/shm/swift-heartbeat.Cb5SKpRM0O -log /home/user_25/trisha_vl/logs_user_25/logs0/Service1.log -adeBrokerAddress vlsicad:40401 -noautostart -nographE -lscs 000175E1894CBE06FF0966E38F1FFC06BC4D5CA3CF6CC906E37F76EB9D739806DF2C0A8CEC7E9F67D0227DAAD242CD33C87766E3A12FFC06BC4D0C77C2E3B1FAD6D900001E84 -interactive -offlineExprEval -upfrontMode -fenixMode explorer -heartbeatTimeout  -lingerTimeout 300 -pointlifetime -1
\# Host name (type):	vlsicad (x86_64)
\# Operating system:	Red Hat Enterprise Linux 8.10 (Ootpa)
\# Kernel:	Linux 4.18.0-553.139.1.el8_10.x86_64 #1 SMP Sun Jun 28 20:54:52 EDT 2026
\# Linux /etc/issue:	\S
\# Linux /etc/issue:	Kernel \r on an \m
\# X display name (WxH):	:5945 (1024x868)
\# Available geometry:			TL(0:0) BR(1023:867)
\# X server:			The X.Org Foundation
\# Depth of Visual (Root):	24 (24)
\# Number of Planes Used:	24
\# X version:		11.0 (vendor release 12011000)
\# X resource pool:	base 0x400000, mask 0x1fffff (2097151), shift 0
\# 			current id 0x0, current max 0x1ffffa (2097146)
\# Max data seg size:	     unlimited
\# Max process size:	     unlimited
\# Initial sbrk value:	        795 MB
\# Available memory:	     66,236 MB
\# System memory:	    109,672 MB
\# Maximum memory size:	    109,068 MB
\# Max mem available:	     66,427 MB
\# Initial memory used:	        191 MB
\#        process size:	      1,819 MB
\# Thread usage limits (effective/default):	maxthreads 254133/254133 maxload 32.00/32.00
\# Qt version:		5.15.9
\# Window Manager:	other
\# User Name:		user_25
\o Working Directory:	vlsicad:/home/user_25/trisha_vl
\# Process Id:		781508
\o 
\o COPYRIGHT (C) 1992-2025  CADENCE DESIGN SYSTEMS INC.  ALL RIGHTS RESERVED.
\o           (C) 1992-2025  UNIX SYSTEMS Laboratories INC.,
\o                          Reproduced with permission.
\o 
\o This Cadence Design Systems program and online documentation are
\o proprietary/confidential information and may be disclosed/used only
\o as authorized in a license agreement controlling such use and disclosure.
\o 
\o           RESTRICTED RIGHTS NOTICE (SHORT FORM)
\o Use/reproduction/disclosure is subject to restriction
\o set forth at FAR 1252.227-19 or its equivalent.
\o Loading geView.cxt 
\o Loading menuBuilder.cxt 
\o Loading im.cxt 
\o Loading schView.cxt 
\o Loading selectSv.cxt 
\o Loading pegasusui.cxt
\o Loading wireEdit.cxt 
\o Loading pte2.cxt 
\o Loading xlUI.cxt 
\o Loading auCore.cxt 
\o Loading vhdl.cxt 
\o Loading ci.cxt 
\o Loading layers.cxt 
\o Loading ams.cxt 
\o Loading oasis.cxt 
\o Loading dal.cxt 
\o Loading awv.cxt 
\o Loading socket.cxt 
\o Loading analog.cxt 
\o Loading par.cxt 
\o Loading asimenv.cxt 
\o Loading alvs.cxt 
\o Loading caa.cxt 
\o Loading amps.cxt 
\o Loading photonics.cxt 
\o Loading adexlCore.cxt 
\o Loading adexl.cxt 
\# Memory report: using         344 MB, process size 2,089 MB at UTC 2026.08.30 15:36:42.149
\o *Info*    Exporting services from client ... 
\o 
\o Loading adexlDM.cxt 
\o Loading cpf.cxt 
\o Loading cli.cxt 
\o Loading vem.cxt 
\o Loading lp.cxt 
\o Loading hmp.cxt 
\o Loading sipLayout.cxt 
\o Loading viva.cxt 
\o Loading diagCenter.cxt 
\o INFO (ELI-00333) License program mode is LSCS.
\# [11:36:32.071041] Configured Lic search path (25.01-s002): 5280@vlsicad
\o INFO (ELI-00302) Connecting to parent process (session=virtuoso689136, host=vlsicad). Connection mode is LSCS. Total timeout is 180 seconds. Connection timeout is 90 seconds.
\o INFO (ELI-00303) Step 1: Connecting to parent. Time spent is 0 seconds.
\o INFO (ELI-00304) The registration of the child 781508 within 90 seconds is being processed...
\o INFO (ELI-00305) The result of registration is true. Time spent is 0 seconds.
\o INFO (ELI-00308) The connection has ended. Result is true. Total time spent is 7 seconds.
\p > 
\o Loading le.cxt 
\o Loading ve.cxt 
\o Loading tilp.cxt 
\o Loading validator.cxt 
\o Loading vrf.cxt 
\o Loading multiTechPlugin.cxt 
\o Loading exportDie.cxt 
\o Loading hydraVmt.cxt 
\# Loading perfDiag...
\# (PerfDiag): Set GDB path to environment variable 'gdbPath' (gdb).
\# The Health Monitor tool is installed. You can access it from CIW - Tools - Diagnostic Center or use the shell command 'cdsPerfDiag -p 781508' to open it when Virtuoso freezes.
\# Virtuoso has launched. For more information, open CIW - Tools - Diagnostic Center - Performance Tab - Check SKILL - Virtuoso Launch.
\#   Virtuoso initialization  12.50s
\#   Custom initialization     1.13s
\#   Total                    13.63s
\# (PerfDiag): Use backtrace from GLIBC.
\i _axlRunServices()
\o Loading simui.cxt 
\o [2026-08-30 11:36:43.798 -0400] [PROCESS] [cadence.virtuoso.ade.services] - Netlist Service has successfully started. Waiting for incoming messages ... {"jobid": "1", "hostname": "vlsicad", "processid": 781508, "logfile": "/home/user_25/trisha_vl/logs_user_25/logs0/Service1.log"}
\# Memory report: using         607 MB, process size 3,758 MB at UTC 2026.08.30 15:36:47.845
\# Available memory:         66,203 MB at UTC 2026.08.30 15:36:49.849
\# Memory report: Maximum memory size now 66,818 MB at UTC 2026.08.30 15:36:49.849
\# Thread usage report: 16 active threads, active load 1.40 at UTC 2026.08.30 15:36:49.849
\o [2026-08-30 11:41:44.344 -0400] [PROCESS] [cadence.virtuoso.ade.services.netlister] - Netlist Service process exits. {"jobid": "1", "hostname": "vlsicad", "processid": 781508, "logfile": "/home/user_25/trisha_vl/logs_user_25/logs0/Service1.log"}
\o Loading vdsil.cxt 
\# Lic Summary:
\# [11:41:45.386131] Cdslmd servers:5280@vlsicad
\# [11:41:45.386179] Feature usage summary:
\# Memory report: on exit            464 MB, process size 3,678 MB at UTC 2026.08.30 15:41:45.386
\# Memory report: peak usage         616 MB, process size 3,830 MB
