[ADE GUI: 689136]
[2026-08-30 11:36:28.846 -0400] [PROCESS] [cadence.virtuoso.ade.gui] - /home/user_25/trisha_vl/.tmp_user_25/.cmddir0/swiftLoggingService0 is starting {"logfile": "/home/user_25/trisha_vl/logs_user_25/logs0/LoggingService0.log"}
[2026-08-30 11:36:28.977 -0400] [PROCESS] [cadence.virtuoso.ade.gui] - /home/user_25/trisha_vl/.tmp_user_25/.cmddir0/swiftNetlistService1 is starting {"logfile": "/home/user_25/trisha_vl/logs_user_25/logs0/Service1.log"}
[2026-08-30 11:36:28.978 -0400] [PROCESS] [cadence.virtuoso.ade.gui] - COLLECTION_JOB_ID = '0'
 {"logfile": "/home/user_25/trisha_vl/logs_user_25/logs0/LoggingService0.log"}
[2026-08-30 11:36:28.978 -0400] [PROCESS] [cadence.virtuoso.ade.gui] - Logging Service '781341' is starting up on host 'vlsicad' {"logfile": "/home/user_25/trisha_vl/logs_user_25/logs0/LoggingService0.log"}
[2026-08-30 11:36:38.210 -0400] [PROCESS] [cadence.virtuoso.ade.gui] - COLLECTION_JOB_ID = '1'
 {"logfile": "/home/user_25/trisha_vl/logs_user_25/logs0/Service1.log"}
[2026-08-30 11:36:38.455 -0400] [PROCESS] [cadence.virtuoso.ade.gui] - Netlist Service '781368' is starting up on host 'vlsicad' {"logfile": "/home/user_25/trisha_vl/logs_user_25/logs0/Service1.log"}
[2026-08-30 11:41:46.390 -0400] [PROCESS] [cadence.virtuoso.ade.gui] - Netlist Service '781368' stopped with exit code '0' {"logfile": "/home/user_25/trisha_vl/logs_user_25/logs0/Service1.log"}
[2026-08-30 11:55:04.724 -0400] [EVENT] [cadence.virtuoso.ade.gui] - AddLogFile {"history": "ExplorerRun.0", "event": "AddLogFile", "EventSource": "ADE GUI", "HistoryName": "ExplorerRun.0", "Points": "", "EventLogFile": "/home/user_25/trisha_vl/logs_user_25/logs0/virtuoso_ade_debug.log", "EventTool": "ADE GUI", "EventTest": ""}
[2026-08-30 11:55:04.727 -0400] [EVENT] [cadence.virtuoso.ade.gui] - NewHistoryCreated {"event": "NewHistoryCreated", "EventSource": "ADE GUI", "history": "ExplorerRun.0", "HistoryName": "ExplorerRun.0", "WorkDir": "/home/user_25/trisha_vl", "HistorySimDir": "/home/user_25/simulation/trisha/norgate_tri/maestro/results/maestro/ExplorerRun.0", "HistoryResultsDir": "/home/user_25/trisha_vl/trisha/norgate_tri/maestro/results/maestro"}
[2026-08-30 11:55:04.727 -0400] [PROCESS] [cadence.virtuoso.ade.gui] - History Setup {"hostname": "vlsicad", "processid": 689136, "history": "ExplorerRun.0", "logfile": "/home/user_25/trisha_vl/logs_user_25/logs0/virtuoso_ade_debug.log", "jobmode": "LSCS", "runmode": "Single Run, Sweeps and Corners", "lib": "trisha", "cell": "norgate_tri", "view": "maestro", "icversion": "sub-version  IC25.1-64b.ISR2.32 ", "runstart": "Sun Aug 30 11:55:04 2026\n", "timezonelocal": "+000", "spectreversion": "unknown", "jobpolicyname": "Maestro Default", "maxjobs": "1", "ncjobpolicyname": "", "ncmaxjobs": "unknown", "numtests": "1", "runfinished": "unknown", "runelapsed": "-1", "numcorners": "1"}
[2026-08-30 11:55:07.129 -0400] [EVENT] [cadence.virtuoso.ade.pointevaluator] - NewPoint {"history": "ExplorerRun.0", "point": 1, "testname": "trisha_norgate_tri_1", "event": "NewPoint", "EventSource": "ADE GUI", "HistoryName": "ExplorerRun.0", "logFile": "/home/user_25/trisha_vl/logs_user_25/logs0/virtuoso_ade_debug.log", "logFileSize": "2861", "category": "point-netlist"}
[2026-08-30 11:55:07.131 -0400] [INFO] [cadence.virtuoso.ade.pointevaluator] - Started netlisting {"history": "ExplorerRun.0", "point": 1, "testname": "trisha_norgate_tri_1", "event": "start", "category": "point-netlist"}
[2026-08-30 11:55:09.389 -0400] [INFO] [cadence.virtuoso.ade.pointevaluator] - Finished netlisting {"history": "ExplorerRun.0", "point": 1, "testname": "trisha_norgate_tri_1", "event": "finish", "category": "point-netlist"}
[2026-08-30 11:55:09.389 -0400] [INFO] [cadence.virtuoso.ade.pointevaluator] - Submitted {"history": "ExplorerRun.0", "point": 1, "testname": "trisha_norgate_tri_1"}
[2026-08-30 11:55:11.173 -0400] [INFO] [cadence.virtuoso.ade.gui] - Found messages in the simulation task queue. Launching simulation jobs. {"history": "ExplorerRun.0", "point": 1, "testname": "trisha_norgate_tri_1", "testName": "", "domainId": "0", "run-token": "1", "test-token": "2", "sim-point": "1"}
[2026-08-30 11:55:11.184 -0400] [PROCESS] [cadence.virtuoso.ade.gui] - /home/user_25/trisha_vl/.tmp_user_25/.cmddir0/swiftJob2 is starting {"logfile": "/home/user_25/trisha_vl/logs_user_25/logs0/Job2.log"}
[2026-08-30 11:55:11.305 -0400] [PROCESS] [cadence.virtuoso.ade.gui] - COLLECTION_JOB_ID = '2'
 {"logfile": "/home/user_25/trisha_vl/logs_user_25/logs0/Job2.log"}
[2026-08-30 11:55:11.309 -0400] [PROCESS] [cadence.virtuoso.ade.gui] - Simulation Monitor process '815740' is starting up on host 'vlsicad' {"logfile": "/home/user_25/trisha_vl/logs_user_25/logs0/Job2.log"}
[2026-08-30 11:55:18.682 -0400] [INFO] [cadence.virtuoso.ade.gui] - Point completed {"history": "ExplorerRun.0", "point": 1, "testname": "trisha_norgate_tri_1"}
[2026-08-30 11:55:19.334 -0400] [INFO] [cadence.virtuoso.ade.gui] - Report Run Finished {"history": "ExplorerRun.0", "point": 1, "testname": "trisha_norgate_tri_1", "runId": "0"}
[2026-08-30 11:55:19.334 -0400] [EVENT] [cadence.virtuoso.ade.gui] - HistoryFinished {"point": 1, "testname": "trisha_norgate_tri_1", "event": "HistoryFinished", "EventSource": "ADE GUI", "HistoryName": "ExplorerRun.0"}
[2026-08-30 11:55:25.699 -0400] [INFO] [cadence.virtuoso.ade.gui] - Point strategy Finished {"history": "ExplorerRun.0", "point": 1, "testname": "trisha_norgate_tri_1", "runId": "0"}
[2026-08-30 11:55:25.718 -0400] [INFO] [cadence.virtuoso.ade.gui] - Emit Test Finish Message {"history": "ExplorerRun.0", "point": 1, "testname": "trisha_norgate_tri_1", "runId": "0", "testName": "trisha_norgate_tri_1", "idx": "trisha_norgate_tri_1"}
[2026-08-30 11:55:25.718 -0400] [INFO] [cadence.virtuoso.ade.gui] - Emit partition complete {"history": "ExplorerRun.0", "point": 1, "testname": "trisha_norgate_tri_1", "function": "emitTestPointPartitionFinishMessage", "runId": "0", "testName": "trisha_norgate_tri_1", "partition": "1"}
[2026-08-30 11:55:30.483 -0400] [PROCESS] [cadence.virtuoso.ade.gui] - Logging Service '781341' stopped with exit code '0' {"logfile": "/home/user_25/trisha_vl/logs_user_25/logs0/LoggingService0.log"}
