Command line:
   tb_register_1bit_isim_beh.exe
     -simmode  gui
     -simrunnum  0
     -socket  57783

Sun Sep 27 11:16:34 2026


 Elaboration Time: 0.05 sec

 Current Memory Usage: 215.413 Meg

 Total Signals          : 80
 Total Nets             : 21
 Total Signal Drivers   : 21
 Total Blocks           : 20
 Total Primitive Blocks : 11
 Total Processes        : 19
 Total Traceable Variables  : 8
 Total Scalar Nets and Variables : 381
Total Line Count : 42

 Total Simulation Time: 0.07 sec

 Current Memory Usage: 293.011 Meg

Sun Sep 27 11:17:23 2026

