Running: /opt/Xilinx/14.7/ISE_DS/ISE/bin/lin64/unwrapped/fuse -intstyle ise -incremental -lib secureip -o /home/ise/Shared_back_up/Full_adder_trisha/full_adder_tb_isim_beh.exe -prj /home/ise/Shared_back_up/Full_adder_trisha/full_adder_tb_beh.prj work.full_adder_tb 
ISim P.20131013 (signature 0xfbc00daa)
Number of CPUs detected in this system: 1
Turning on mult-threading, number of parallel sub-compilation jobs: 0 
Determining compilation order of HDL files
Parsing VHDL file "/home/ise/Shared_back_up/Full_adder_trisha/Full_Adder.vhd" into library work
Parsing VHDL file "/home/ise/Shared_back_up/Full_adder_trisha/full_adder_td.vhd" into library work
Starting static elaboration
Completed static elaboration
Fuse Memory Usage: 95308 KB
Fuse CPU Usage: 870 ms
Compiling package standard
Compiling package std_logic_1164
Compiling architecture behavioral of entity full_adder [full_adder_default]
Compiling architecture behavioral of entity full_adder_tb
Time Resolution for simulation is 1ps.
Compiled 5 VHDL Units
Built simulation executable /home/ise/Shared_back_up/Full_adder_trisha/full_adder_tb_isim_beh.exe
Fuse Memory Usage: 103940 KB
Fuse CPU Usage: 940 ms
GCC CPU Usage: 420 ms
